14:27:40 **** Incremental Build of configuration Debug for project MAS-projekt ****
make pre-build main-build 
a9-linaro-pre-build-step
' '
make: Ništa za napraviti za `main-build'.
14:28:02 **** Incremental Build of configuration Debug for project MAS-projekt ****
make pre-build main-build 
a9-linaro-pre-build-step
' '
make: Ništa za napraviti za `main-build'.
14:44:55 **** Auto Build of configuration Debug for project MAS-projekt ****
make pre-build main-build 
a9-linaro-pre-build-step
' '
'Building file: ../src/echo.c'
'Invoking: ARM v7 gcc compiler'
arm-none-eabi-gcc -Wall -O0 -g3 -c -fmessage-length=0 -MT"src/echo.o" -mcpu=cortex-a9 -mfpu=vfpv3 -mfloat-abi=hard -I../../mas_camera_bsp/ps7_cortexa9_0/include -MMD -MP -MF"src/echo.d" -MT"src/echo.o" -o "src/echo.o" "../src/echo.c"
'Finished building: ../src/echo.c'
' '
'Building target: MAS-projekt.elf'
'Invoking: ARM v7 gcc linker'
arm-none-eabi-gcc -mcpu=cortex-a9 -mfpu=vfpv3 -mfloat-abi=hard -Wl,-build-id=none -specs=Xilinx.spec -Wl,-T -Wl,../src/lscript.ld -L../../mas_camera_bsp/ps7_cortexa9_0/lib -o "MAS-projekt.elf"  ./src/echo.o ./src/main.o ./src/platform.o ./src/platform_zynq.o   -Wl,--start-group,-lxil,-lgcc,-lc,--end-group -Wl,--start-group,-lxil,-llwip4,-lgcc,-lc,--end-group
'Finished building target: MAS-projekt.elf'
' '
'Invoking: ARM v7 Print Size'
arm-none-eabi-size MAS-projekt.elf  |tee "MAS-projekt.elf.size"
   text	   data	    bss	    dec	    hex	filename
 104076	   4260	2218288	2326624	 238060	MAS-projekt.elf
'Finished building: MAS-projekt.elf.size'
' '
14:45:24 **** Auto Build of configuration Debug for project MAS-projekt ****
make pre-build main-build 
a9-linaro-pre-build-step
' '
'Building file: ../src/echo.c'
'Invoking: ARM v7 gcc compiler'
arm-none-eabi-gcc -Wall -O0 -g3 -c -fmessage-length=0 -MT"src/echo.o" -mcpu=cortex-a9 -mfpu=vfpv3 -mfloat-abi=hard -I../../mas_camera_bsp/ps7_cortexa9_0/include -MMD -MP -MF"src/echo.d" -MT"src/echo.o" -o "src/echo.o" "../src/echo.c"
'Finished building: ../src/echo.c'
' '
'Building target: MAS-projekt.elf'
'Invoking: ARM v7 gcc linker'
arm-none-eabi-gcc -mcpu=cortex-a9 -mfpu=vfpv3 -mfloat-abi=hard -Wl,-build-id=none -specs=Xilinx.spec -Wl,-T -Wl,../src/lscript.ld -L../../mas_camera_bsp/ps7_cortexa9_0/lib -o "MAS-projekt.elf"  ./src/echo.o ./src/main.o ./src/platform.o ./src/platform_zynq.o   -Wl,--start-group,-lxil,-lgcc,-lc,--end-group -Wl,--start-group,-lxil,-llwip4,-lgcc,-lc,--end-group
'Finished building target: MAS-projekt.elf'
' '
'Invoking: ARM v7 Print Size'
arm-none-eabi-size MAS-projekt.elf  |tee "MAS-projekt.elf.size"
   text	   data	    bss	    dec	    hex	filename
 104148	   4260	2218288	2326696	 2380a8	MAS-projekt.elf
'Finished building: MAS-projekt.elf.size'
' '
14:45:40 **** Incremental Build of configuration Debug for project MAS-projekt ****
make pre-build main-build 
a9-linaro-pre-build-step
' '
make: Ništa za napraviti za `main-build'.
14:46:19 **** Incremental Build of configuration Debug for project MAS-projekt ****
make pre-build main-build 
a9-linaro-pre-build-step
' '
make: Ništa za napraviti za `main-build'.
14:48:51 **** Auto Build of configuration Debug for project MAS-projekt ****
make pre-build main-build 
a9-linaro-pre-build-step
' '
'Building file: ../src/echo.c'
'Invoking: ARM v7 gcc compiler'
arm-none-eabi-gcc -Wall -O0 -g3 -c -fmessage-length=0 -MT"src/echo.o" -mcpu=cortex-a9 -mfpu=vfpv3 -mfloat-abi=hard -I../../mas_camera_bsp/ps7_cortexa9_0/include -MMD -MP -MF"src/echo.d" -MT"src/echo.o" -o "src/echo.o" "../src/echo.c"
../src/echo.c: In function 'recv_callback':
../src/echo.c:63:7: warning: unused variable 'greeting2' [-Wunused-variable]
  char greeting2[] = "World";
       ^~~~~~~~~
'Finished building: ../src/echo.c'
' '
'Building target: MAS-projekt.elf'
'Invoking: ARM v7 gcc linker'
arm-none-eabi-gcc -mcpu=cortex-a9 -mfpu=vfpv3 -mfloat-abi=hard -Wl,-build-id=none -specs=Xilinx.spec -Wl,-T -Wl,../src/lscript.ld -L../../mas_camera_bsp/ps7_cortexa9_0/lib -o "MAS-projekt.elf"  ./src/echo.o ./src/main.o ./src/platform.o ./src/platform_zynq.o   -Wl,--start-group,-lxil,-lgcc,-lc,--end-group -Wl,--start-group,-lxil,-llwip4,-lgcc,-lc,--end-group
'Finished building target: MAS-projekt.elf'
' '
'Invoking: ARM v7 Print Size'
arm-none-eabi-size MAS-projekt.elf  |tee "MAS-projekt.elf.size"
   text	   data	    bss	    dec	    hex	filename
 104148	   4260	2218288	2326696	 2380a8	MAS-projekt.elf
'Finished building: MAS-projekt.elf.size'
' '
14:48:59 **** Incremental Build of configuration Debug for project MAS-projekt ****
make pre-build main-build 
a9-linaro-pre-build-step
' '
make: Ništa za napraviti za `main-build'.
14:49:53 **** Auto Build of configuration Debug for project MAS-projekt ****
make pre-build main-build 
a9-linaro-pre-build-step
' '
'Building file: ../src/echo.c'
'Invoking: ARM v7 gcc compiler'
arm-none-eabi-gcc -Wall -O0 -g3 -c -fmessage-length=0 -MT"src/echo.o" -mcpu=cortex-a9 -mfpu=vfpv3 -mfloat-abi=hard -I../../mas_camera_bsp/ps7_cortexa9_0/include -MMD -MP -MF"src/echo.d" -MT"src/echo.o" -o "src/echo.o" "../src/echo.c"
../src/echo.c: In function 'recv_callback':
../src/echo.c:63:7: warning: unused variable 'greeting2' [-Wunused-variable]
  char greeting2[] = "World";
       ^~~~~~~~~
'Finished building: ../src/echo.c'
' '
'Building target: MAS-projekt.elf'
'Invoking: ARM v7 gcc linker'
arm-none-eabi-gcc -mcpu=cortex-a9 -mfpu=vfpv3 -mfloat-abi=hard -Wl,-build-id=none -specs=Xilinx.spec -Wl,-T -Wl,../src/lscript.ld -L../../mas_camera_bsp/ps7_cortexa9_0/lib -o "MAS-projekt.elf"  ./src/echo.o ./src/main.o ./src/platform.o ./src/platform_zynq.o   -Wl,--start-group,-lxil,-lgcc,-lc,--end-group -Wl,--start-group,-lxil,-llwip4,-lgcc,-lc,--end-group
'Finished building target: MAS-projekt.elf'
' '
'Invoking: ARM v7 Print Size'
arm-none-eabi-size MAS-projekt.elf  |tee "MAS-projekt.elf.size"
   text	   data	    bss	    dec	    hex	filename
 104148	   4260	2218288	2326696	 2380a8	MAS-projekt.elf
'Finished building: MAS-projekt.elf.size'
' '
14:49:58 **** Incremental Build of configuration Debug for project MAS-projekt ****
make pre-build main-build 
a9-linaro-pre-build-step
' '
make: Ništa za napraviti za `main-build'.
14:50:50 **** Auto Build of configuration Debug for project MAS-projekt ****
make pre-build main-build 
a9-linaro-pre-build-step
' '
'Building file: ../src/echo.c'
'Invoking: ARM v7 gcc compiler'
arm-none-eabi-gcc -Wall -O0 -g3 -c -fmessage-length=0 -MT"src/echo.o" -mcpu=cortex-a9 -mfpu=vfpv3 -mfloat-abi=hard -I../../mas_camera_bsp/ps7_cortexa9_0/include -MMD -MP -MF"src/echo.d" -MT"src/echo.o" -o "src/echo.o" "../src/echo.c"
../src/echo.c: In function 'recv_callback':
../src/echo.c:63:7: warning: unused variable 'greeting2' [-Wunused-variable]
  char greeting2[] = "World";
       ^~~~~~~~~
'Finished building: ../src/echo.c'
' '
'Building target: MAS-projekt.elf'
'Invoking: ARM v7 gcc linker'
arm-none-eabi-gcc -mcpu=cortex-a9 -mfpu=vfpv3 -mfloat-abi=hard -Wl,-build-id=none -specs=Xilinx.spec -Wl,-T -Wl,../src/lscript.ld -L../../mas_camera_bsp/ps7_cortexa9_0/lib -o "MAS-projekt.elf"  ./src/echo.o ./src/main.o ./src/platform.o ./src/platform_zynq.o   -Wl,--start-group,-lxil,-lgcc,-lc,--end-group -Wl,--start-group,-lxil,-llwip4,-lgcc,-lc,--end-group
'Finished building target: MAS-projekt.elf'
' '
'Invoking: ARM v7 Print Size'
arm-none-eabi-size MAS-projekt.elf  |tee "MAS-projekt.elf.size"
   text	   data	    bss	    dec	    hex	filename
 104148	   4260	2218288	2326696	 2380a8	MAS-projekt.elf
'Finished building: MAS-projekt.elf.size'
' '
14:51:17 **** Incremental Build of configuration Debug for project MAS-projekt ****
make pre-build main-build 
a9-linaro-pre-build-step
' '
make: Ništa za napraviti za `main-build'.
15:34:28 **** Auto Build of configuration Debug for project MAS-projekt ****
make pre-build main-build 
a9-linaro-pre-build-step
' '
'Building file: ../src/main.c'
'Invoking: ARM v7 gcc compiler'
arm-none-eabi-gcc -Wall -O0 -g3 -c -fmessage-length=0 -MT"src/main.o" -mcpu=cortex-a9 -mfpu=vfpv3 -mfloat-abi=hard -I../../mas_camera_bsp/ps7_cortexa9_0/include -MMD -MP -MF"src/main.d" -MT"src/main.o" -o "src/main.o" "../src/main.c"
../src/main.c:409:27: warning: 'ov7670_image' defined but not used [-Wunused-variable]
 static struct regval_list ov7670_image[] = {
                           ^~~~~~~~~~~~
../src/main.c:402:27: warning: 'ov7670_test_bar' defined but not used [-Wunused-variable]
 static struct regval_list ov7670_test_bar[] = {
                           ^~~~~~~~~~~~~~~
../src/main.c:395:27: warning: 'ov7670_test_shift' defined but not used [-Wunused-variable]
 static struct regval_list ov7670_test_shift[] = {
                           ^~~~~~~~~~~~~~~~~
../src/main.c:359:27: warning: 'ov7670_fmt_yuv422' defined but not used [-Wunused-variable]
 static struct regval_list ov7670_fmt_yuv422[] = {
                           ^~~~~~~~~~~~~~~~~
'Finished building: ../src/main.c'
' '
'Building target: MAS-projekt.elf'
'Invoking: ARM v7 gcc linker'
arm-none-eabi-gcc -mcpu=cortex-a9 -mfpu=vfpv3 -mfloat-abi=hard -Wl,-build-id=none -specs=Xilinx.spec -Wl,-T -Wl,../src/lscript.ld -L../../mas_camera_bsp/ps7_cortexa9_0/lib -o "MAS-projekt.elf"  ./src/echo.o ./src/main.o ./src/platform.o ./src/platform_zynq.o   -Wl,--start-group,-lxil,-lgcc,-lc,--end-group -Wl,--start-group,-lxil,-llwip4,-lgcc,-lc,--end-group
'Finished building target: MAS-projekt.elf'
' '
'Invoking: ARM v7 Print Size'
arm-none-eabi-size MAS-projekt.elf  |tee "MAS-projekt.elf.size"
   text	   data	    bss	    dec	    hex	filename
 104148	   4260	2218288	2326696	 2380a8	MAS-projekt.elf
'Finished building: MAS-projekt.elf.size'
' '
22:28:13 **** Auto Build of configuration Debug for project MAS-projekt ****
make pre-build main-build 
a9-linaro-pre-build-step
' '
'Building file: ../src/echo.c'
'Invoking: ARM v7 gcc compiler'
arm-none-eabi-gcc -Wall -O0 -g3 -c -fmessage-length=0 -MT"src/echo.o" -mcpu=cortex-a9 -mfpu=vfpv3 -mfloat-abi=hard -I../../mas_camera_bsp/ps7_cortexa9_0/include -MMD -MP -MF"src/echo.d" -MT"src/echo.o" -o "src/echo.o" "../src/echo.c"
'Finished building: ../src/echo.c'
' '
'Building target: MAS-projekt.elf'
'Invoking: ARM v7 gcc linker'
arm-none-eabi-gcc -mcpu=cortex-a9 -mfpu=vfpv3 -mfloat-abi=hard -Wl,-build-id=none -specs=Xilinx.spec -Wl,-T -Wl,../src/lscript.ld -L../../mas_camera_bsp/ps7_cortexa9_0/lib -o "MAS-projekt.elf"  ./src/echo.o ./src/main.o ./src/platform.o ./src/platform_zynq.o   -Wl,--start-group,-lxil,-lgcc,-lc,--end-group -Wl,--start-group,-lxil,-llwip4,-lgcc,-lc,--end-group
'Finished building target: MAS-projekt.elf'
' '
'Invoking: ARM v7 Print Size'
arm-none-eabi-size MAS-projekt.elf  |tee "MAS-projekt.elf.size"
   text	   data	    bss	    dec	    hex	filename
 104148	   4260	2218288	2326696	 2380a8	MAS-projekt.elf
'Finished building: MAS-projekt.elf.size'
' '
22:28:41 **** Incremental Build of configuration Debug for project MAS-projekt ****
make pre-build main-build 
a9-linaro-pre-build-step
' '
make: Ništa za napraviti za `main-build'.
22:30:49 **** Auto Build of configuration Debug for project MAS-projekt ****
make pre-build main-build 
a9-linaro-pre-build-step
' '
'Building file: ../src/echo.c'
'Invoking: ARM v7 gcc compiler'
arm-none-eabi-gcc -Wall -O0 -g3 -c -fmessage-length=0 -MT"src/echo.o" -mcpu=cortex-a9 -mfpu=vfpv3 -mfloat-abi=hard -I../../mas_camera_bsp/ps7_cortexa9_0/include -MMD -MP -MF"src/echo.d" -MT"src/echo.o" -o "src/echo.o" "../src/echo.c"
'Finished building: ../src/echo.c'
' '
'Building target: MAS-projekt.elf'
'Invoking: ARM v7 gcc linker'
arm-none-eabi-gcc -mcpu=cortex-a9 -mfpu=vfpv3 -mfloat-abi=hard -Wl,-build-id=none -specs=Xilinx.spec -Wl,-T -Wl,../src/lscript.ld -L../../mas_camera_bsp/ps7_cortexa9_0/lib -o "MAS-projekt.elf"  ./src/echo.o ./src/main.o ./src/platform.o ./src/platform_zynq.o   -Wl,--start-group,-lxil,-lgcc,-lc,--end-group -Wl,--start-group,-lxil,-llwip4,-lgcc,-lc,--end-group
'Finished building target: MAS-projekt.elf'
' '
'Invoking: ARM v7 Print Size'
arm-none-eabi-size MAS-projekt.elf  |tee "MAS-projekt.elf.size"
   text	   data	    bss	    dec	    hex	filename
 104088	   4260	2218288	2326636	 23806c	MAS-projekt.elf
'Finished building: MAS-projekt.elf.size'
' '
22:32:26 **** Incremental Build of configuration Debug for project MAS-projekt ****
make pre-build main-build 
a9-linaro-pre-build-step
' '
make: Ništa za napraviti za `main-build'.
22:36:48 **** Auto Build of configuration Debug for project MAS-projekt ****
make pre-build main-build 
a9-linaro-pre-build-step
' '
'Building file: ../src/echo.c'
'Invoking: ARM v7 gcc compiler'
arm-none-eabi-gcc -Wall -O0 -g3 -c -fmessage-length=0 -MT"src/echo.o" -mcpu=cortex-a9 -mfpu=vfpv3 -mfloat-abi=hard -I../../mas_camera_bsp/ps7_cortexa9_0/include -MMD -MP -MF"src/echo.d" -MT"src/echo.o" -o "src/echo.o" "../src/echo.c"
'Finished building: ../src/echo.c'
' '
'Building target: MAS-projekt.elf'
'Invoking: ARM v7 gcc linker'
arm-none-eabi-gcc -mcpu=cortex-a9 -mfpu=vfpv3 -mfloat-abi=hard -Wl,-build-id=none -specs=Xilinx.spec -Wl,-T -Wl,../src/lscript.ld -L../../mas_camera_bsp/ps7_cortexa9_0/lib -o "MAS-projekt.elf"  ./src/echo.o ./src/main.o ./src/platform.o ./src/platform_zynq.o   -Wl,--start-group,-lxil,-lgcc,-lc,--end-group -Wl,--start-group,-lxil,-llwip4,-lgcc,-lc,--end-group
'Finished building target: MAS-projekt.elf'
' '
'Invoking: ARM v7 Print Size'
arm-none-eabi-size MAS-projekt.elf  |tee "MAS-projekt.elf.size"
   text	   data	    bss	    dec	    hex	filename
 104088	   4260	2218288	2326636	 23806c	MAS-projekt.elf
'Finished building: MAS-projekt.elf.size'
' '
22:37:14 **** Incremental Build of configuration Debug for project MAS-projekt ****
make pre-build main-build 
a9-linaro-pre-build-step
' '
make: Ništa za napraviti za `main-build'.
22:46:28 **** Auto Build of configuration Debug for project MAS-projekt ****
make pre-build main-build 
a9-linaro-pre-build-step
' '
'Building file: ../src/echo.c'
'Invoking: ARM v7 gcc compiler'
arm-none-eabi-gcc -Wall -O0 -g3 -c -fmessage-length=0 -MT"src/echo.o" -mcpu=cortex-a9 -mfpu=vfpv3 -mfloat-abi=hard -I../../mas_camera_bsp/ps7_cortexa9_0/include -MMD -MP -MF"src/echo.d" -MT"src/echo.o" -o "src/echo.o" "../src/echo.c"
'Finished building: ../src/echo.c'
' '
'Building target: MAS-projekt.elf'
'Invoking: ARM v7 gcc linker'
arm-none-eabi-gcc -mcpu=cortex-a9 -mfpu=vfpv3 -mfloat-abi=hard -Wl,-build-id=none -specs=Xilinx.spec -Wl,-T -Wl,../src/lscript.ld -L../../mas_camera_bsp/ps7_cortexa9_0/lib -o "MAS-projekt.elf"  ./src/echo.o ./src/main.o ./src/platform.o ./src/platform_zynq.o   -Wl,--start-group,-lxil,-lgcc,-lc,--end-group -Wl,--start-group,-lxil,-llwip4,-lgcc,-lc,--end-group
'Finished building target: MAS-projekt.elf'
' '
'Invoking: ARM v7 Print Size'
arm-none-eabi-size MAS-projekt.elf  |tee "MAS-projekt.elf.size"
   text	   data	    bss	    dec	    hex	filename
 104076	   4260	2218288	2326624	 238060	MAS-projekt.elf
'Finished building: MAS-projekt.elf.size'
' '
22:46:32 **** Incremental Build of configuration Debug for project MAS-projekt ****
make pre-build main-build 
a9-linaro-pre-build-step
' '
make: Ništa za napraviti za `main-build'.
22:51:24 **** Auto Build of configuration Debug for project MAS-projekt ****
make pre-build main-build 
a9-linaro-pre-build-step
' '
'Building file: ../src/echo.c'
'Invoking: ARM v7 gcc compiler'
arm-none-eabi-gcc -Wall -O0 -g3 -c -fmessage-length=0 -MT"src/echo.o" -mcpu=cortex-a9 -mfpu=vfpv3 -mfloat-abi=hard -I../../mas_camera_bsp/ps7_cortexa9_0/include -MMD -MP -MF"src/echo.d" -MT"src/echo.o" -o "src/echo.o" "../src/echo.c"
'Finished building: ../src/echo.c'
' '
'Building target: MAS-projekt.elf'
'Invoking: ARM v7 gcc linker'
arm-none-eabi-gcc -mcpu=cortex-a9 -mfpu=vfpv3 -mfloat-abi=hard -Wl,-build-id=none -specs=Xilinx.spec -Wl,-T -Wl,../src/lscript.ld -L../../mas_camera_bsp/ps7_cortexa9_0/lib -o "MAS-projekt.elf"  ./src/echo.o ./src/main.o ./src/platform.o ./src/platform_zynq.o   -Wl,--start-group,-lxil,-lgcc,-lc,--end-group -Wl,--start-group,-lxil,-llwip4,-lgcc,-lc,--end-group
'Finished building target: MAS-projekt.elf'
' '
'Invoking: ARM v7 Print Size'
arm-none-eabi-size MAS-projekt.elf  |tee "MAS-projekt.elf.size"
   text	   data	    bss	    dec	    hex	filename
 104144	   4260	2218288	2326692	 2380a4	MAS-projekt.elf
'Finished building: MAS-projekt.elf.size'
' '
22:51:28 **** Auto Build of configuration Debug for project MAS-projekt ****
make pre-build main-build 
a9-linaro-pre-build-step
' '
'Building file: ../src/echo.c'
'Invoking: ARM v7 gcc compiler'
arm-none-eabi-gcc -Wall -O0 -g3 -c -fmessage-length=0 -MT"src/echo.o" -mcpu=cortex-a9 -mfpu=vfpv3 -mfloat-abi=hard -I../../mas_camera_bsp/ps7_cortexa9_0/include -MMD -MP -MF"src/echo.d" -MT"src/echo.o" -o "src/echo.o" "../src/echo.c"
'Finished building: ../src/echo.c'
' '
'Building target: MAS-projekt.elf'
'Invoking: ARM v7 gcc linker'
arm-none-eabi-gcc -mcpu=cortex-a9 -mfpu=vfpv3 -mfloat-abi=hard -Wl,-build-id=none -specs=Xilinx.spec -Wl,-T -Wl,../src/lscript.ld -L../../mas_camera_bsp/ps7_cortexa9_0/lib -o "MAS-projekt.elf"  ./src/echo.o ./src/main.o ./src/platform.o ./src/platform_zynq.o   -Wl,--start-group,-lxil,-lgcc,-lc,--end-group -Wl,--start-group,-lxil,-llwip4,-lgcc,-lc,--end-group
'Finished building target: MAS-projekt.elf'
' '
'Invoking: ARM v7 Print Size'
arm-none-eabi-size MAS-projekt.elf  |tee "MAS-projekt.elf.size"
   text	   data	    bss	    dec	    hex	filename
 104144	   4260	2218288	2326692	 2380a4	MAS-projekt.elf
'Finished building: MAS-projekt.elf.size'
' '
22:51:32 **** Incremental Build of configuration Debug for project MAS-projekt ****
make pre-build main-build 
a9-linaro-pre-build-step
' '
make: Ništa za napraviti za `main-build'.
09:21:41 **** Auto Build of configuration Debug for project MAS-projekt ****
make pre-build main-build 
a9-linaro-pre-build-step
' '
'Building file: ../src/echo.c'
'Invoking: ARM v7 gcc compiler'
arm-none-eabi-gcc -Wall -O0 -g3 -c -fmessage-length=0 -MT"src/echo.o" -mcpu=cortex-a9 -mfpu=vfpv3 -mfloat-abi=hard -I../../mas_camera_bsp/ps7_cortexa9_0/include -MMD -MP -MF"src/echo.d" -MT"src/echo.o" -o "src/echo.o" "../src/echo.c"
../src/echo.c: In function 'recv_callback':
../src/echo.c:64:3: error: 'greting1' undeclared (first use in this function)
   greting1[i] = i % 256;
   ^~~~~~~~
../src/echo.c:64:3: note: each undeclared identifier is reported only once for each function it appears in
make: *** [src/echo.o] Greška 1
09:21:57 **** Auto Build of configuration Debug for project MAS-projekt ****
make pre-build main-build 
a9-linaro-pre-build-step
' '
'Building file: ../src/echo.c'
'Invoking: ARM v7 gcc compiler'
arm-none-eabi-gcc -Wall -O0 -g3 -c -fmessage-length=0 -MT"src/echo.o" -mcpu=cortex-a9 -mfpu=vfpv3 -mfloat-abi=hard -I../../mas_camera_bsp/ps7_cortexa9_0/include -MMD -MP -MF"src/echo.d" -MT"src/echo.o" -o "src/echo.o" "../src/echo.c"
'Finished building: ../src/echo.c'
' '
'Building target: MAS-projekt.elf'
'Invoking: ARM v7 gcc linker'
arm-none-eabi-gcc -mcpu=cortex-a9 -mfpu=vfpv3 -mfloat-abi=hard -Wl,-build-id=none -specs=Xilinx.spec -Wl,-T -Wl,../src/lscript.ld -L../../mas_camera_bsp/ps7_cortexa9_0/lib -o "MAS-projekt.elf"  ./src/echo.o ./src/main.o ./src/platform.o ./src/platform_zynq.o   -Wl,--start-group,-lxil,-lgcc,-lc,--end-group -Wl,--start-group,-lxil,-llwip4,-lgcc,-lc,--end-group
'Finished building target: MAS-projekt.elf'
' '
'Invoking: ARM v7 Print Size'
arm-none-eabi-size MAS-projekt.elf  |tee "MAS-projekt.elf.size"
   text	   data	    bss	    dec	    hex	filename
 104328	   4260	2218288	2326876	 23815c	MAS-projekt.elf
'Finished building: MAS-projekt.elf.size'
' '
09:22:17 **** Incremental Build of configuration Debug for project MAS-projekt ****
make pre-build main-build 
a9-linaro-pre-build-step
' '
make: Ništa za napraviti za `main-build'.
09:22:58 **** Auto Build of configuration Debug for project MAS-projekt ****
make pre-build main-build 
a9-linaro-pre-build-step
' '
'Building file: ../src/echo.c'
'Invoking: ARM v7 gcc compiler'
arm-none-eabi-gcc -Wall -O0 -g3 -c -fmessage-length=0 -MT"src/echo.o" -mcpu=cortex-a9 -mfpu=vfpv3 -mfloat-abi=hard -I../../mas_camera_bsp/ps7_cortexa9_0/include -MMD -MP -MF"src/echo.d" -MT"src/echo.o" -o "src/echo.o" "../src/echo.c"
'Finished building: ../src/echo.c'
' '
'Building target: MAS-projekt.elf'
'Invoking: ARM v7 gcc linker'
arm-none-eabi-gcc -mcpu=cortex-a9 -mfpu=vfpv3 -mfloat-abi=hard -Wl,-build-id=none -specs=Xilinx.spec -Wl,-T -Wl,../src/lscript.ld -L../../mas_camera_bsp/ps7_cortexa9_0/lib -o "MAS-projekt.elf"  ./src/echo.o ./src/main.o ./src/platform.o ./src/platform_zynq.o   -Wl,--start-group,-lxil,-lgcc,-lc,--end-group -Wl,--start-group,-lxil,-llwip4,-lgcc,-lc,--end-group
'Finished building target: MAS-projekt.elf'
' '
'Invoking: ARM v7 Print Size'
arm-none-eabi-size MAS-projekt.elf  |tee "MAS-projekt.elf.size"
   text	   data	    bss	    dec	    hex	filename
 104328	   4260	2218288	2326876	 23815c	MAS-projekt.elf
'Finished building: MAS-projekt.elf.size'
' '
09:23:03 **** Incremental Build of configuration Debug for project MAS-projekt ****
make pre-build main-build 
a9-linaro-pre-build-step
' '
make: Ništa za napraviti za `main-build'.
09:26:22 **** Auto Build of configuration Debug for project MAS-projekt ****
make pre-build main-build 
a9-linaro-pre-build-step
' '
'Building file: ../src/echo.c'
'Invoking: ARM v7 gcc compiler'
arm-none-eabi-gcc -Wall -O0 -g3 -c -fmessage-length=0 -MT"src/echo.o" -mcpu=cortex-a9 -mfpu=vfpv3 -mfloat-abi=hard -I../../mas_camera_bsp/ps7_cortexa9_0/include -MMD -MP -MF"src/echo.d" -MT"src/echo.o" -o "src/echo.o" "../src/echo.c"
'Finished building: ../src/echo.c'
' '
'Building target: MAS-projekt.elf'
'Invoking: ARM v7 gcc linker'
arm-none-eabi-gcc -mcpu=cortex-a9 -mfpu=vfpv3 -mfloat-abi=hard -Wl,-build-id=none -specs=Xilinx.spec -Wl,-T -Wl,../src/lscript.ld -L../../mas_camera_bsp/ps7_cortexa9_0/lib -o "MAS-projekt.elf"  ./src/echo.o ./src/main.o ./src/platform.o ./src/platform_zynq.o   -Wl,--start-group,-lxil,-lgcc,-lc,--end-group -Wl,--start-group,-lxil,-llwip4,-lgcc,-lc,--end-group
'Finished building target: MAS-projekt.elf'
' '
'Invoking: ARM v7 Print Size'
arm-none-eabi-size MAS-projekt.elf  |tee "MAS-projekt.elf.size"
   text	   data	    bss	    dec	    hex	filename
 104328	   4260	2218288	2326876	 23815c	MAS-projekt.elf
'Finished building: MAS-projekt.elf.size'
' '
09:26:46 **** Incremental Build of configuration Debug for project MAS-projekt ****
make pre-build main-build 
a9-linaro-pre-build-step
' '
make: Ništa za napraviti za `main-build'.
09:36:13 **** Auto Build of configuration Debug for project MAS-projekt ****
make pre-build main-build 
a9-linaro-pre-build-step
' '
'Building file: ../src/echo.c'
'Invoking: ARM v7 gcc compiler'
arm-none-eabi-gcc -Wall -O0 -g3 -c -fmessage-length=0 -MT"src/echo.o" -mcpu=cortex-a9 -mfpu=vfpv3 -mfloat-abi=hard -I../../mas_camera_bsp/ps7_cortexa9_0/include -MMD -MP -MF"src/echo.d" -MT"src/echo.o" -o "src/echo.o" "../src/echo.c"
'Finished building: ../src/echo.c'
' '
'Building target: MAS-projekt.elf'
'Invoking: ARM v7 gcc linker'
arm-none-eabi-gcc -mcpu=cortex-a9 -mfpu=vfpv3 -mfloat-abi=hard -Wl,-build-id=none -specs=Xilinx.spec -Wl,-T -Wl,../src/lscript.ld -L../../mas_camera_bsp/ps7_cortexa9_0/lib -o "MAS-projekt.elf"  ./src/echo.o ./src/main.o ./src/platform.o ./src/platform_zynq.o   -Wl,--start-group,-lxil,-lgcc,-lc,--end-group -Wl,--start-group,-lxil,-llwip4,-lgcc,-lc,--end-group
'Finished building target: MAS-projekt.elf'
' '
'Invoking: ARM v7 Print Size'
arm-none-eabi-size MAS-projekt.elf  |tee "MAS-projekt.elf.size"
   text	   data	    bss	    dec	    hex	filename
 104456	   4260	2218288	2327004	 2381dc	MAS-projekt.elf
'Finished building: MAS-projekt.elf.size'
' '
09:36:21 **** Incremental Build of configuration Debug for project MAS-projekt ****
make pre-build main-build 
a9-linaro-pre-build-step
' '
make: Ništa za napraviti za `main-build'.
09:52:24 **** Auto Build of configuration Debug for project MAS-projekt ****
make pre-build main-build 
a9-linaro-pre-build-step
' '
'Building file: ../src/echo.c'
'Invoking: ARM v7 gcc compiler'
arm-none-eabi-gcc -Wall -O0 -g3 -c -fmessage-length=0 -MT"src/echo.o" -mcpu=cortex-a9 -mfpu=vfpv3 -mfloat-abi=hard -I../../mas_camera_bsp/ps7_cortexa9_0/include -MMD -MP -MF"src/echo.d" -MT"src/echo.o" -o "src/echo.o" "../src/echo.c"
../src/echo.c: In function 'recv_callback':
../src/echo.c:65:3: error: 'greeting2' undeclared (first use in this function)
   greeting2[i] = 255 - (i % 256);
   ^~~~~~~~~
../src/echo.c:65:3: note: each undeclared identifier is reported only once for each function it appears in
make: *** [src/echo.o] Greška 1
09:52:39 **** Auto Build of configuration Debug for project MAS-projekt ****
make pre-build main-build 
a9-linaro-pre-build-step
' '
'Building file: ../src/echo.c'
'Invoking: ARM v7 gcc compiler'
arm-none-eabi-gcc -Wall -O0 -g3 -c -fmessage-length=0 -MT"src/echo.o" -mcpu=cortex-a9 -mfpu=vfpv3 -mfloat-abi=hard -I../../mas_camera_bsp/ps7_cortexa9_0/include -MMD -MP -MF"src/echo.d" -MT"src/echo.o" -o "src/echo.o" "../src/echo.c"
'Finished building: ../src/echo.c'
' '
'Building target: MAS-projekt.elf'
'Invoking: ARM v7 gcc linker'
arm-none-eabi-gcc -mcpu=cortex-a9 -mfpu=vfpv3 -mfloat-abi=hard -Wl,-build-id=none -specs=Xilinx.spec -Wl,-T -Wl,../src/lscript.ld -L../../mas_camera_bsp/ps7_cortexa9_0/lib -o "MAS-projekt.elf"  ./src/echo.o ./src/main.o ./src/platform.o ./src/platform_zynq.o   -Wl,--start-group,-lxil,-lgcc,-lc,--end-group -Wl,--start-group,-lxil,-llwip4,-lgcc,-lc,--end-group
'Finished building target: MAS-projekt.elf'
' '
'Invoking: ARM v7 Print Size'
arm-none-eabi-size MAS-projekt.elf  |tee "MAS-projekt.elf.size"
   text	   data	    bss	    dec	    hex	filename
 104164	   4260	2218288	2326712	 2380b8	MAS-projekt.elf
'Finished building: MAS-projekt.elf.size'
' '
09:52:54 **** Incremental Build of configuration Debug for project MAS-projekt ****
make pre-build main-build 
a9-linaro-pre-build-step
' '
make: Ništa za napraviti za `main-build'.
09:53:34 **** Incremental Build of configuration Debug for project MAS-projekt ****
make pre-build main-build 
a9-linaro-pre-build-step
' '
make: Ništa za napraviti za `main-build'.
09:54:56 **** Auto Build of configuration Debug for project MAS-projekt ****
make pre-build main-build 
a9-linaro-pre-build-step
' '
'Building file: ../src/echo.c'
'Invoking: ARM v7 gcc compiler'
arm-none-eabi-gcc -Wall -O0 -g3 -c -fmessage-length=0 -MT"src/echo.o" -mcpu=cortex-a9 -mfpu=vfpv3 -mfloat-abi=hard -I../../mas_camera_bsp/ps7_cortexa9_0/include -MMD -MP -MF"src/echo.d" -MT"src/echo.o" -o "src/echo.o" "../src/echo.c"
../src/echo.c: In function 'accept_callback':
../src/echo.c:90:19: error: 'recv_callback' undeclared (first use in this function)
  tcp_recv(newpcb, recv_callback);
                   ^~~~~~~~~~~~~
../src/echo.c:90:19: note: each undeclared identifier is reported only once for each function it appears in
make: *** [src/echo.o] Greška 1
09:55:02 **** Auto Build of configuration Debug for project MAS-projekt ****
make pre-build main-build 
a9-linaro-pre-build-step
' '
'Building file: ../src/echo.c'
'Invoking: ARM v7 gcc compiler'
arm-none-eabi-gcc -Wall -O0 -g3 -c -fmessage-length=0 -MT"src/echo.o" -mcpu=cortex-a9 -mfpu=vfpv3 -mfloat-abi=hard -I../../mas_camera_bsp/ps7_cortexa9_0/include -MMD -MP -MF"src/echo.d" -MT"src/echo.o" -o "src/echo.o" "../src/echo.c"
../src/echo.c: In function 'accept_callback':
../src/echo.c:90:19: error: 'recv_callback' undeclared (first use in this function)
  tcp_recv(newpcb, recv_callback);
                   ^~~~~~~~~~~~~
../src/echo.c:90:19: note: each undeclared identifier is reported only once for each function it appears in
make: *** [src/echo.o] Greška 1
09:59:26 **** Auto Build of configuration Debug for project MAS-projekt ****
make pre-build main-build 
a9-linaro-pre-build-step
' '
'Building file: ../src/echo.c'
'Invoking: ARM v7 gcc compiler'
arm-none-eabi-gcc -Wall -O0 -g3 -c -fmessage-length=0 -MT"src/echo.o" -mcpu=cortex-a9 -mfpu=vfpv3 -mfloat-abi=hard -I../../mas_camera_bsp/ps7_cortexa9_0/include -MMD -MP -MF"src/echo.d" -MT"src/echo.o" -o "src/echo.o" "../src/echo.c"
../src/echo.c: In function 'accept_callback':
../src/echo.c:90:19: error: 'recv_callback' undeclared (first use in this function)
  tcp_recv(newpcb, recv_callback);
                   ^~~~~~~~~~~~~
../src/echo.c:90:19: note: each undeclared identifier is reported only once for each function it appears in
make: *** [src/echo.o] Greška 1
09:59:57 **** Auto Build of configuration Debug for project MAS-projekt ****
make pre-build main-build 
a9-linaro-pre-build-step
' '
'Building file: ../src/echo.c'
'Invoking: ARM v7 gcc compiler'
arm-none-eabi-gcc -Wall -O0 -g3 -c -fmessage-length=0 -MT"src/echo.o" -mcpu=cortex-a9 -mfpu=vfpv3 -mfloat-abi=hard -I../../mas_camera_bsp/ps7_cortexa9_0/include -MMD -MP -MF"src/echo.d" -MT"src/echo.o" -o "src/echo.o" "../src/echo.c"
../src/echo.c: In function 'accept_callback':
../src/echo.c:90:19: error: 'recv_callback' undeclared (first use in this function)
  tcp_recv(newpcb, recv_callback);
                   ^~~~~~~~~~~~~
../src/echo.c:90:19: note: each undeclared identifier is reported only once for each function it appears in
make: *** [src/echo.o] Greška 1
10:00:00 **** Auto Build of configuration Debug for project MAS-projekt ****
make pre-build main-build 
a9-linaro-pre-build-step
' '
'Building file: ../src/echo.c'
'Invoking: ARM v7 gcc compiler'
arm-none-eabi-gcc -Wall -O0 -g3 -c -fmessage-length=0 -MT"src/echo.o" -mcpu=cortex-a9 -mfpu=vfpv3 -mfloat-abi=hard -I../../mas_camera_bsp/ps7_cortexa9_0/include -MMD -MP -MF"src/echo.d" -MT"src/echo.o" -o "src/echo.o" "../src/echo.c"
'Finished building: ../src/echo.c'
' '
'Building file: ../src/main.c'
'Invoking: ARM v7 gcc compiler'
arm-none-eabi-gcc -Wall -O0 -g3 -c -fmessage-length=0 -MT"src/main.o" -mcpu=cortex-a9 -mfpu=vfpv3 -mfloat-abi=hard -I../../mas_camera_bsp/ps7_cortexa9_0/include -MMD -MP -MF"src/main.d" -MT"src/main.o" -o "src/main.o" "../src/main.c"
../src/main.c:410:27: warning: 'ov7670_image' defined but not used [-Wunused-variable]
 static struct regval_list ov7670_image[] = {
                           ^~~~~~~~~~~~
../src/main.c:403:27: warning: 'ov7670_test_bar' defined but not used [-Wunused-variable]
 static struct regval_list ov7670_test_bar[] = {
                           ^~~~~~~~~~~~~~~
../src/main.c:396:27: warning: 'ov7670_test_shift' defined but not used [-Wunused-variable]
 static struct regval_list ov7670_test_shift[] = {
                           ^~~~~~~~~~~~~~~~~
../src/main.c:360:27: warning: 'ov7670_fmt_yuv422' defined but not used [-Wunused-variable]
 static struct regval_list ov7670_fmt_yuv422[] = {
                           ^~~~~~~~~~~~~~~~~
'Finished building: ../src/main.c'
' '
'Building target: MAS-projekt.elf'
'Invoking: ARM v7 gcc linker'
arm-none-eabi-gcc -mcpu=cortex-a9 -mfpu=vfpv3 -mfloat-abi=hard -Wl,-build-id=none -specs=Xilinx.spec -Wl,-T -Wl,../src/lscript.ld -L../../mas_camera_bsp/ps7_cortexa9_0/lib -o "MAS-projekt.elf"  ./src/echo.o ./src/main.o ./src/platform.o ./src/platform_zynq.o   -Wl,--start-group,-lxil,-lgcc,-lc,--end-group -Wl,--start-group,-lxil,-llwip4,-lgcc,-lc,--end-group
'Finished building target: MAS-projekt.elf'
' '
'Invoking: ARM v7 Print Size'
arm-none-eabi-size MAS-projekt.elf  |tee "MAS-projekt.elf.size"
   text	   data	    bss	    dec	    hex	filename
 104164	   4260	2218288	2326712	 2380b8	MAS-projekt.elf
'Finished building: MAS-projekt.elf.size'
' '
10:01:11 **** Auto Build of configuration Debug for project MAS-projekt ****
make pre-build main-build 
a9-linaro-pre-build-step
' '
'Building file: ../src/main.c'
'Invoking: ARM v7 gcc compiler'
arm-none-eabi-gcc -Wall -O0 -g3 -c -fmessage-length=0 -MT"src/main.o" -mcpu=cortex-a9 -mfpu=vfpv3 -mfloat-abi=hard -I../../mas_camera_bsp/ps7_cortexa9_0/include -MMD -MP -MF"src/main.d" -MT"src/main.o" -o "src/main.o" "../src/main.c"
../src/main.c:410:27: warning: 'ov7670_image' defined but not used [-Wunused-variable]
 static struct regval_list ov7670_image[] = {
                           ^~~~~~~~~~~~
../src/main.c:403:27: warning: 'ov7670_test_bar' defined but not used [-Wunused-variable]
 static struct regval_list ov7670_test_bar[] = {
                           ^~~~~~~~~~~~~~~
../src/main.c:396:27: warning: 'ov7670_test_shift' defined but not used [-Wunused-variable]
 static struct regval_list ov7670_test_shift[] = {
                           ^~~~~~~~~~~~~~~~~
../src/main.c:360:27: warning: 'ov7670_fmt_yuv422' defined but not used [-Wunused-variable]
 static struct regval_list ov7670_fmt_yuv422[] = {
                           ^~~~~~~~~~~~~~~~~
'Finished building: ../src/main.c'
' '
'Building target: MAS-projekt.elf'
'Invoking: ARM v7 gcc linker'
arm-none-eabi-gcc -mcpu=cortex-a9 -mfpu=vfpv3 -mfloat-abi=hard -Wl,-build-id=none -specs=Xilinx.spec -Wl,-T -Wl,../src/lscript.ld -L../../mas_camera_bsp/ps7_cortexa9_0/lib -o "MAS-projekt.elf"  ./src/echo.o ./src/main.o ./src/platform.o ./src/platform_zynq.o   -Wl,--start-group,-lxil,-lgcc,-lc,--end-group -Wl,--start-group,-lxil,-llwip4,-lgcc,-lc,--end-group
'Finished building target: MAS-projekt.elf'
' '
'Invoking: ARM v7 Print Size'
arm-none-eabi-size MAS-projekt.elf  |tee "MAS-projekt.elf.size"
   text	   data	    bss	    dec	    hex	filename
 104164	   4260	2218288	2326712	 2380b8	MAS-projekt.elf
'Finished building: MAS-projekt.elf.size'
' '
10:01:20 **** Incremental Build of configuration Debug for project MAS-projekt ****
make pre-build main-build 
a9-linaro-pre-build-step
' '
make: Ništa za napraviti za `main-build'.
10:03:00 **** Auto Build of configuration Debug for project MAS-projekt ****
make pre-build main-build 
a9-linaro-pre-build-step
' '
'Building file: ../src/main.c'
'Invoking: ARM v7 gcc compiler'
arm-none-eabi-gcc -Wall -O0 -g3 -c -fmessage-length=0 -MT"src/main.o" -mcpu=cortex-a9 -mfpu=vfpv3 -mfloat-abi=hard -I../../mas_camera_bsp/ps7_cortexa9_0/include -MMD -MP -MF"src/main.d" -MT"src/main.o" -o "src/main.o" "../src/main.c"
../src/main.c:410:27: warning: 'ov7670_image' defined but not used [-Wunused-variable]
 static struct regval_list ov7670_image[] = {
                           ^~~~~~~~~~~~
../src/main.c:403:27: warning: 'ov7670_test_bar' defined but not used [-Wunused-variable]
 static struct regval_list ov7670_test_bar[] = {
                           ^~~~~~~~~~~~~~~
../src/main.c:396:27: warning: 'ov7670_test_shift' defined but not used [-Wunused-variable]
 static struct regval_list ov7670_test_shift[] = {
                           ^~~~~~~~~~~~~~~~~
../src/main.c:360:27: warning: 'ov7670_fmt_yuv422' defined but not used [-Wunused-variable]
 static struct regval_list ov7670_fmt_yuv422[] = {
                           ^~~~~~~~~~~~~~~~~
'Finished building: ../src/main.c'
' '
'Building target: MAS-projekt.elf'
'Invoking: ARM v7 gcc linker'
arm-none-eabi-gcc -mcpu=cortex-a9 -mfpu=vfpv3 -mfloat-abi=hard -Wl,-build-id=none -specs=Xilinx.spec -Wl,-T -Wl,../src/lscript.ld -L../../mas_camera_bsp/ps7_cortexa9_0/lib -o "MAS-projekt.elf"  ./src/echo.o ./src/main.o ./src/platform.o ./src/platform_zynq.o   -Wl,--start-group,-lxil,-lgcc,-lc,--end-group -Wl,--start-group,-lxil,-llwip4,-lgcc,-lc,--end-group
'Finished building target: MAS-projekt.elf'
' '
'Invoking: ARM v7 Print Size'
arm-none-eabi-size MAS-projekt.elf  |tee "MAS-projekt.elf.size"
   text	   data	    bss	    dec	    hex	filename
 104940	   4260	2218288	2327488	 2383c0	MAS-projekt.elf
'Finished building: MAS-projekt.elf.size'
' '
10:03:11 **** Incremental Build of configuration Debug for project MAS-projekt ****
make pre-build main-build 
a9-linaro-pre-build-step
' '
make: Ništa za napraviti za `main-build'.
10:05:52 **** Auto Build of configuration Debug for project MAS-projekt ****
make pre-build main-build 
a9-linaro-pre-build-step
' '
'Building file: ../src/main.c'
'Invoking: ARM v7 gcc compiler'
arm-none-eabi-gcc -Wall -O0 -g3 -c -fmessage-length=0 -MT"src/main.o" -mcpu=cortex-a9 -mfpu=vfpv3 -mfloat-abi=hard -I../../mas_camera_bsp/ps7_cortexa9_0/include -MMD -MP -MF"src/main.d" -MT"src/main.o" -o "src/main.o" "../src/main.c"
../src/main.c:410:27: warning: 'ov7670_image' defined but not used [-Wunused-variable]
 static struct regval_list ov7670_image[] = {
                           ^~~~~~~~~~~~
../src/main.c:403:27: warning: 'ov7670_test_bar' defined but not used [-Wunused-variable]
 static struct regval_list ov7670_test_bar[] = {
                           ^~~~~~~~~~~~~~~
../src/main.c:396:27: warning: 'ov7670_test_shift' defined but not used [-Wunused-variable]
 static struct regval_list ov7670_test_shift[] = {
                           ^~~~~~~~~~~~~~~~~
../src/main.c:360:27: warning: 'ov7670_fmt_yuv422' defined but not used [-Wunused-variable]
 static struct regval_list ov7670_fmt_yuv422[] = {
                           ^~~~~~~~~~~~~~~~~
'Finished building: ../src/main.c'
' '
'Building target: MAS-projekt.elf'
'Invoking: ARM v7 gcc linker'
arm-none-eabi-gcc -mcpu=cortex-a9 -mfpu=vfpv3 -mfloat-abi=hard -Wl,-build-id=none -specs=Xilinx.spec -Wl,-T -Wl,../src/lscript.ld -L../../mas_camera_bsp/ps7_cortexa9_0/lib -o "MAS-projekt.elf"  ./src/echo.o ./src/main.o ./src/platform.o ./src/platform_zynq.o   -Wl,--start-group,-lxil,-lgcc,-lc,--end-group -Wl,--start-group,-lxil,-llwip4,-lgcc,-lc,--end-group
'Finished building target: MAS-projekt.elf'
' '
'Invoking: ARM v7 Print Size'
arm-none-eabi-size MAS-projekt.elf  |tee "MAS-projekt.elf.size"
   text	   data	    bss	    dec	    hex	filename
 104940	   4260	2218288	2327488	 2383c0	MAS-projekt.elf
'Finished building: MAS-projekt.elf.size'
' '
10:06:11 **** Incremental Build of configuration Debug for project MAS-projekt ****
make pre-build main-build 
a9-linaro-pre-build-step
' '
make: Ništa za napraviti za `main-build'.
10:09:17 **** Incremental Build of configuration Debug for project MAS-projekt ****
make pre-build main-build 
a9-linaro-pre-build-step
' '
make: Ništa za napraviti za `main-build'.
10:11:49 **** Auto Build of configuration Debug for project MAS-projekt ****
make pre-build main-build 
a9-linaro-pre-build-step
' '
'Building file: ../src/main.c'
'Invoking: ARM v7 gcc compiler'
arm-none-eabi-gcc -Wall -O0 -g3 -c -fmessage-length=0 -MT"src/main.o" -mcpu=cortex-a9 -mfpu=vfpv3 -mfloat-abi=hard -I../../mas_camera_bsp/ps7_cortexa9_0/include -MMD -MP -MF"src/main.d" -MT"src/main.o" -o "src/main.o" "../src/main.c"
../src/main.c:410:27: warning: 'ov7670_image' defined but not used [-Wunused-variable]
 static struct regval_list ov7670_image[] = {
                           ^~~~~~~~~~~~
../src/main.c:403:27: warning: 'ov7670_test_bar' defined but not used [-Wunused-variable]
 static struct regval_list ov7670_test_bar[] = {
                           ^~~~~~~~~~~~~~~
../src/main.c:396:27: warning: 'ov7670_test_shift' defined but not used [-Wunused-variable]
 static struct regval_list ov7670_test_shift[] = {
                           ^~~~~~~~~~~~~~~~~
../src/main.c:360:27: warning: 'ov7670_fmt_yuv422' defined but not used [-Wunused-variable]
 static struct regval_list ov7670_fmt_yuv422[] = {
                           ^~~~~~~~~~~~~~~~~
'Finished building: ../src/main.c'
' '
'Building target: MAS-projekt.elf'
'Invoking: ARM v7 gcc linker'
arm-none-eabi-gcc -mcpu=cortex-a9 -mfpu=vfpv3 -mfloat-abi=hard -Wl,-build-id=none -specs=Xilinx.spec -Wl,-T -Wl,../src/lscript.ld -L../../mas_camera_bsp/ps7_cortexa9_0/lib -o "MAS-projekt.elf"  ./src/echo.o ./src/main.o ./src/platform.o ./src/platform_zynq.o   -Wl,--start-group,-lxil,-lgcc,-lc,--end-group -Wl,--start-group,-lxil,-llwip4,-lgcc,-lc,--end-group
'Finished building target: MAS-projekt.elf'
' '
'Invoking: ARM v7 Print Size'
arm-none-eabi-size MAS-projekt.elf  |tee "MAS-projekt.elf.size"
   text	   data	    bss	    dec	    hex	filename
 104164	   4260	2218288	2326712	 2380b8	MAS-projekt.elf
'Finished building: MAS-projekt.elf.size'
' '
10:11:58 **** Incremental Build of configuration Debug for project MAS-projekt ****
make pre-build main-build 
a9-linaro-pre-build-step
' '
make: Ništa za napraviti za `main-build'.
10:12:51 **** Auto Build of configuration Debug for project MAS-projekt ****
make pre-build main-build 
a9-linaro-pre-build-step
' '
'Building file: ../src/main.c'
'Invoking: ARM v7 gcc compiler'
arm-none-eabi-gcc -Wall -O0 -g3 -c -fmessage-length=0 -MT"src/main.o" -mcpu=cortex-a9 -mfpu=vfpv3 -mfloat-abi=hard -I../../mas_camera_bsp/ps7_cortexa9_0/include -MMD -MP -MF"src/main.d" -MT"src/main.o" -o "src/main.o" "../src/main.c"
../src/main.c:410:27: warning: 'ov7670_image' defined but not used [-Wunused-variable]
 static struct regval_list ov7670_image[] = {
                           ^~~~~~~~~~~~
../src/main.c:403:27: warning: 'ov7670_test_bar' defined but not used [-Wunused-variable]
 static struct regval_list ov7670_test_bar[] = {
                           ^~~~~~~~~~~~~~~
../src/main.c:396:27: warning: 'ov7670_test_shift' defined but not used [-Wunused-variable]
 static struct regval_list ov7670_test_shift[] = {
                           ^~~~~~~~~~~~~~~~~
../src/main.c:360:27: warning: 'ov7670_fmt_yuv422' defined but not used [-Wunused-variable]
 static struct regval_list ov7670_fmt_yuv422[] = {
                           ^~~~~~~~~~~~~~~~~
'Finished building: ../src/main.c'
' '
'Building target: MAS-projekt.elf'
'Invoking: ARM v7 gcc linker'
arm-none-eabi-gcc -mcpu=cortex-a9 -mfpu=vfpv3 -mfloat-abi=hard -Wl,-build-id=none -specs=Xilinx.spec -Wl,-T -Wl,../src/lscript.ld -L../../mas_camera_bsp/ps7_cortexa9_0/lib -o "MAS-projekt.elf"  ./src/echo.o ./src/main.o ./src/platform.o ./src/platform_zynq.o   -Wl,--start-group,-lxil,-lgcc,-lc,--end-group -Wl,--start-group,-lxil,-llwip4,-lgcc,-lc,--end-group
'Finished building target: MAS-projekt.elf'
' '
'Invoking: ARM v7 Print Size'
arm-none-eabi-size MAS-projekt.elf  |tee "MAS-projekt.elf.size"
   text	   data	    bss	    dec	    hex	filename
 104096	   4260	2218288	2326644	 238074	MAS-projekt.elf
'Finished building: MAS-projekt.elf.size'
' '
10:13:32 **** Incremental Build of configuration Debug for project MAS-projekt ****
make pre-build main-build 
a9-linaro-pre-build-step
' '
make: Ništa za napraviti za `main-build'.
10:13:58 **** Auto Build of configuration Debug for project MAS-projekt ****
make pre-build main-build 
a9-linaro-pre-build-step
' '
'Building file: ../src/main.c'
'Invoking: ARM v7 gcc compiler'
arm-none-eabi-gcc -Wall -O0 -g3 -c -fmessage-length=0 -MT"src/main.o" -mcpu=cortex-a9 -mfpu=vfpv3 -mfloat-abi=hard -I../../mas_camera_bsp/ps7_cortexa9_0/include -MMD -MP -MF"src/main.d" -MT"src/main.o" -o "src/main.o" "../src/main.c"
../src/main.c:410:27: warning: 'ov7670_image' defined but not used [-Wunused-variable]
 static struct regval_list ov7670_image[] = {
                           ^~~~~~~~~~~~
../src/main.c:403:27: warning: 'ov7670_test_bar' defined but not used [-Wunused-variable]
 static struct regval_list ov7670_test_bar[] = {
                           ^~~~~~~~~~~~~~~
../src/main.c:396:27: warning: 'ov7670_test_shift' defined but not used [-Wunused-variable]
 static struct regval_list ov7670_test_shift[] = {
                           ^~~~~~~~~~~~~~~~~
../src/main.c:360:27: warning: 'ov7670_fmt_yuv422' defined but not used [-Wunused-variable]
 static struct regval_list ov7670_fmt_yuv422[] = {
                           ^~~~~~~~~~~~~~~~~
'Finished building: ../src/main.c'
' '
'Building target: MAS-projekt.elf'
'Invoking: ARM v7 gcc linker'
arm-none-eabi-gcc -mcpu=cortex-a9 -mfpu=vfpv3 -mfloat-abi=hard -Wl,-build-id=none -specs=Xilinx.spec -Wl,-T -Wl,../src/lscript.ld -L../../mas_camera_bsp/ps7_cortexa9_0/lib -o "MAS-projekt.elf"  ./src/echo.o ./src/main.o ./src/platform.o ./src/platform_zynq.o   -Wl,--start-group,-lxil,-lgcc,-lc,--end-group -Wl,--start-group,-lxil,-llwip4,-lgcc,-lc,--end-group
'Finished building target: MAS-projekt.elf'
' '
'Invoking: ARM v7 Print Size'
arm-none-eabi-size MAS-projekt.elf  |tee "MAS-projekt.elf.size"
   text	   data	    bss	    dec	    hex	filename
 104164	   4260	2218288	2326712	 2380b8	MAS-projekt.elf
'Finished building: MAS-projekt.elf.size'
' '
10:14:16 **** Incremental Build of configuration Debug for project MAS-projekt ****
make pre-build main-build 
a9-linaro-pre-build-step
' '
make: Ništa za napraviti za `main-build'.
10:16:48 **** Auto Build of configuration Debug for project MAS-projekt ****
make pre-build main-build 
a9-linaro-pre-build-step
' '
'Building file: ../src/main.c'
'Invoking: ARM v7 gcc compiler'
arm-none-eabi-gcc -Wall -O0 -g3 -c -fmessage-length=0 -MT"src/main.o" -mcpu=cortex-a9 -mfpu=vfpv3 -mfloat-abi=hard -I../../mas_camera_bsp/ps7_cortexa9_0/include -MMD -MP -MF"src/main.d" -MT"src/main.o" -o "src/main.o" "../src/main.c"
../src/main.c:410:27: warning: 'ov7670_image' defined but not used [-Wunused-variable]
 static struct regval_list ov7670_image[] = {
                           ^~~~~~~~~~~~
../src/main.c:403:27: warning: 'ov7670_test_bar' defined but not used [-Wunused-variable]
 static struct regval_list ov7670_test_bar[] = {
                           ^~~~~~~~~~~~~~~
../src/main.c:396:27: warning: 'ov7670_test_shift' defined but not used [-Wunused-variable]
 static struct regval_list ov7670_test_shift[] = {
                           ^~~~~~~~~~~~~~~~~
../src/main.c:360:27: warning: 'ov7670_fmt_yuv422' defined but not used [-Wunused-variable]
 static struct regval_list ov7670_fmt_yuv422[] = {
                           ^~~~~~~~~~~~~~~~~
'Finished building: ../src/main.c'
' '
'Building target: MAS-projekt.elf'
'Invoking: ARM v7 gcc linker'
arm-none-eabi-gcc -mcpu=cortex-a9 -mfpu=vfpv3 -mfloat-abi=hard -Wl,-build-id=none -specs=Xilinx.spec -Wl,-T -Wl,../src/lscript.ld -L../../mas_camera_bsp/ps7_cortexa9_0/lib -o "MAS-projekt.elf"  ./src/echo.o ./src/main.o ./src/platform.o ./src/platform_zynq.o   -Wl,--start-group,-lxil,-lgcc,-lc,--end-group -Wl,--start-group,-lxil,-llwip4,-lgcc,-lc,--end-group
'Finished building target: MAS-projekt.elf'
' '
'Invoking: ARM v7 Print Size'
arm-none-eabi-size MAS-projekt.elf  |tee "MAS-projekt.elf.size"
   text	   data	    bss	    dec	    hex	filename
 104164	   4260	2218288	2326712	 2380b8	MAS-projekt.elf
'Finished building: MAS-projekt.elf.size'
' '
10:17:24 **** Incremental Build of configuration Debug for project MAS-projekt ****
make pre-build main-build 
a9-linaro-pre-build-step
' '
make: Ništa za napraviti za `main-build'.
10:19:40 **** Auto Build of configuration Debug for project MAS-projekt ****
make pre-build main-build 
a9-linaro-pre-build-step
' '
'Building file: ../src/main.c'
'Invoking: ARM v7 gcc compiler'
arm-none-eabi-gcc -Wall -O0 -g3 -c -fmessage-length=0 -MT"src/main.o" -mcpu=cortex-a9 -mfpu=vfpv3 -mfloat-abi=hard -I../../mas_camera_bsp/ps7_cortexa9_0/include -MMD -MP -MF"src/main.d" -MT"src/main.o" -o "src/main.o" "../src/main.c"
../src/main.c:410:27: warning: 'ov7670_image' defined but not used [-Wunused-variable]
 static struct regval_list ov7670_image[] = {
                           ^~~~~~~~~~~~
../src/main.c:403:27: warning: 'ov7670_test_bar' defined but not used [-Wunused-variable]
 static struct regval_list ov7670_test_bar[] = {
                           ^~~~~~~~~~~~~~~
../src/main.c:396:27: warning: 'ov7670_test_shift' defined but not used [-Wunused-variable]
 static struct regval_list ov7670_test_shift[] = {
                           ^~~~~~~~~~~~~~~~~
../src/main.c:360:27: warning: 'ov7670_fmt_yuv422' defined but not used [-Wunused-variable]
 static struct regval_list ov7670_fmt_yuv422[] = {
                           ^~~~~~~~~~~~~~~~~
'Finished building: ../src/main.c'
' '
'Building target: MAS-projekt.elf'
'Invoking: ARM v7 gcc linker'
arm-none-eabi-gcc -mcpu=cortex-a9 -mfpu=vfpv3 -mfloat-abi=hard -Wl,-build-id=none -specs=Xilinx.spec -Wl,-T -Wl,../src/lscript.ld -L../../mas_camera_bsp/ps7_cortexa9_0/lib -o "MAS-projekt.elf"  ./src/echo.o ./src/main.o ./src/platform.o ./src/platform_zynq.o   -Wl,--start-group,-lxil,-lgcc,-lc,--end-group -Wl,--start-group,-lxil,-llwip4,-lgcc,-lc,--end-group
'Finished building target: MAS-projekt.elf'
' '
'Invoking: ARM v7 Print Size'
arm-none-eabi-size MAS-projekt.elf  |tee "MAS-projekt.elf.size"
   text	   data	    bss	    dec	    hex	filename
 104164	   4260	2218288	2326712	 2380b8	MAS-projekt.elf
'Finished building: MAS-projekt.elf.size'
' '
10:20:46 **** Auto Build of configuration Debug for project MAS-projekt ****
make pre-build main-build 
a9-linaro-pre-build-step
' '
'Building file: ../src/main.c'
'Invoking: ARM v7 gcc compiler'
arm-none-eabi-gcc -Wall -O0 -g3 -c -fmessage-length=0 -MT"src/main.o" -mcpu=cortex-a9 -mfpu=vfpv3 -mfloat-abi=hard -I../../mas_camera_bsp/ps7_cortexa9_0/include -MMD -MP -MF"src/main.d" -MT"src/main.o" -o "src/main.o" "../src/main.c"
../src/main.c:411:27: warning: 'ov7670_image' defined but not used [-Wunused-variable]
 static struct regval_list ov7670_image[] = {
                           ^~~~~~~~~~~~
../src/main.c:404:27: warning: 'ov7670_test_bar' defined but not used [-Wunused-variable]
 static struct regval_list ov7670_test_bar[] = {
                           ^~~~~~~~~~~~~~~
../src/main.c:397:27: warning: 'ov7670_test_shift' defined but not used [-Wunused-variable]
 static struct regval_list ov7670_test_shift[] = {
                           ^~~~~~~~~~~~~~~~~
../src/main.c:361:27: warning: 'ov7670_fmt_yuv422' defined but not used [-Wunused-variable]
 static struct regval_list ov7670_fmt_yuv422[] = {
                           ^~~~~~~~~~~~~~~~~
'Finished building: ../src/main.c'
' '
'Building target: MAS-projekt.elf'
'Invoking: ARM v7 gcc linker'
arm-none-eabi-gcc -mcpu=cortex-a9 -mfpu=vfpv3 -mfloat-abi=hard -Wl,-build-id=none -specs=Xilinx.spec -Wl,-T -Wl,../src/lscript.ld -L../../mas_camera_bsp/ps7_cortexa9_0/lib -o "MAS-projekt.elf"  ./src/echo.o ./src/main.o ./src/platform.o ./src/platform_zynq.o   -Wl,--start-group,-lxil,-lgcc,-lc,--end-group -Wl,--start-group,-lxil,-llwip4,-lgcc,-lc,--end-group
'Finished building target: MAS-projekt.elf'
' '
'Invoking: ARM v7 Print Size'
arm-none-eabi-size MAS-projekt.elf  |tee "MAS-projekt.elf.size"
   text	   data	    bss	    dec	    hex	filename
 104164	   4260	2218288	2326712	 2380b8	MAS-projekt.elf
'Finished building: MAS-projekt.elf.size'
' '
10:21:38 **** Auto Build of configuration Debug for project MAS-projekt ****
make pre-build main-build 
a9-linaro-pre-build-step
' '
'Building file: ../src/main.c'
'Invoking: ARM v7 gcc compiler'
arm-none-eabi-gcc -Wall -O0 -g3 -c -fmessage-length=0 -MT"src/main.o" -mcpu=cortex-a9 -mfpu=vfpv3 -mfloat-abi=hard -I../../mas_camera_bsp/ps7_cortexa9_0/include -MMD -MP -MF"src/main.d" -MT"src/main.o" -o "src/main.o" "../src/main.c"
../src/main.c:411:27: warning: 'ov7670_image' defined but not used [-Wunused-variable]
 static struct regval_list ov7670_image[] = {
                           ^~~~~~~~~~~~
../src/main.c:404:27: warning: 'ov7670_test_bar' defined but not used [-Wunused-variable]
 static struct regval_list ov7670_test_bar[] = {
                           ^~~~~~~~~~~~~~~
../src/main.c:397:27: warning: 'ov7670_test_shift' defined but not used [-Wunused-variable]
 static struct regval_list ov7670_test_shift[] = {
                           ^~~~~~~~~~~~~~~~~
../src/main.c:361:27: warning: 'ov7670_fmt_yuv422' defined but not used [-Wunused-variable]
 static struct regval_list ov7670_fmt_yuv422[] = {
                           ^~~~~~~~~~~~~~~~~
'Finished building: ../src/main.c'
' '
'Building target: MAS-projekt.elf'
'Invoking: ARM v7 gcc linker'
arm-none-eabi-gcc -mcpu=cortex-a9 -mfpu=vfpv3 -mfloat-abi=hard -Wl,-build-id=none -specs=Xilinx.spec -Wl,-T -Wl,../src/lscript.ld -L../../mas_camera_bsp/ps7_cortexa9_0/lib -o "MAS-projekt.elf"  ./src/echo.o ./src/main.o ./src/platform.o ./src/platform_zynq.o   -Wl,--start-group,-lxil,-lgcc,-lc,--end-group -Wl,--start-group,-lxil,-llwip4,-lgcc,-lc,--end-group
'Finished building target: MAS-projekt.elf'
' '
'Invoking: ARM v7 Print Size'
arm-none-eabi-size MAS-projekt.elf  |tee "MAS-projekt.elf.size"
   text	   data	    bss	    dec	    hex	filename
 104164	   4260	2218288	2326712	 2380b8	MAS-projekt.elf
'Finished building: MAS-projekt.elf.size'
' '
10:22:38 **** Auto Build of configuration Debug for project MAS-projekt ****
make pre-build main-build 
a9-linaro-pre-build-step
' '
'Building file: ../src/main.c'
'Invoking: ARM v7 gcc compiler'
arm-none-eabi-gcc -Wall -O0 -g3 -c -fmessage-length=0 -MT"src/main.o" -mcpu=cortex-a9 -mfpu=vfpv3 -mfloat-abi=hard -I../../mas_camera_bsp/ps7_cortexa9_0/include -MMD -MP -MF"src/main.d" -MT"src/main.o" -o "src/main.o" "../src/main.c"
../src/main.c:411:27: warning: 'ov7670_image' defined but not used [-Wunused-variable]
 static struct regval_list ov7670_image[] = {
                           ^~~~~~~~~~~~
../src/main.c:404:27: warning: 'ov7670_test_bar' defined but not used [-Wunused-variable]
 static struct regval_list ov7670_test_bar[] = {
                           ^~~~~~~~~~~~~~~
../src/main.c:397:27: warning: 'ov7670_test_shift' defined but not used [-Wunused-variable]
 static struct regval_list ov7670_test_shift[] = {
                           ^~~~~~~~~~~~~~~~~
../src/main.c:361:27: warning: 'ov7670_fmt_yuv422' defined but not used [-Wunused-variable]
 static struct regval_list ov7670_fmt_yuv422[] = {
                           ^~~~~~~~~~~~~~~~~
'Finished building: ../src/main.c'
' '
'Building target: MAS-projekt.elf'
'Invoking: ARM v7 gcc linker'
arm-none-eabi-gcc -mcpu=cortex-a9 -mfpu=vfpv3 -mfloat-abi=hard -Wl,-build-id=none -specs=Xilinx.spec -Wl,-T -Wl,../src/lscript.ld -L../../mas_camera_bsp/ps7_cortexa9_0/lib -o "MAS-projekt.elf"  ./src/echo.o ./src/main.o ./src/platform.o ./src/platform_zynq.o   -Wl,--start-group,-lxil,-lgcc,-lc,--end-group -Wl,--start-group,-lxil,-llwip4,-lgcc,-lc,--end-group
'Finished building target: MAS-projekt.elf'
' '
'Invoking: ARM v7 Print Size'
arm-none-eabi-size MAS-projekt.elf  |tee "MAS-projekt.elf.size"
   text	   data	    bss	    dec	    hex	filename
 104184	   4260	2218288	2326732	 2380cc	MAS-projekt.elf
'Finished building: MAS-projekt.elf.size'
' '
10:23:27 **** Incremental Build of configuration Debug for project MAS-projekt ****
make pre-build main-build 
a9-linaro-pre-build-step
' '
make: Ništa za napraviti za `main-build'.
10:24:33 **** Auto Build of configuration Debug for project MAS-projekt ****
make pre-build main-build 
a9-linaro-pre-build-step
' '
'Building file: ../src/main.c'
'Invoking: ARM v7 gcc compiler'
arm-none-eabi-gcc -Wall -O0 -g3 -c -fmessage-length=0 -MT"src/main.o" -mcpu=cortex-a9 -mfpu=vfpv3 -mfloat-abi=hard -I../../mas_camera_bsp/ps7_cortexa9_0/include -MMD -MP -MF"src/main.d" -MT"src/main.o" -o "src/main.o" "../src/main.c"
../src/main.c:411:27: warning: 'ov7670_image' defined but not used [-Wunused-variable]
 static struct regval_list ov7670_image[] = {
                           ^~~~~~~~~~~~
../src/main.c:404:27: warning: 'ov7670_test_bar' defined but not used [-Wunused-variable]
 static struct regval_list ov7670_test_bar[] = {
                           ^~~~~~~~~~~~~~~
../src/main.c:397:27: warning: 'ov7670_test_shift' defined but not used [-Wunused-variable]
 static struct regval_list ov7670_test_shift[] = {
                           ^~~~~~~~~~~~~~~~~
../src/main.c:361:27: warning: 'ov7670_fmt_yuv422' defined but not used [-Wunused-variable]
 static struct regval_list ov7670_fmt_yuv422[] = {
                           ^~~~~~~~~~~~~~~~~
'Finished building: ../src/main.c'
' '
'Building target: MAS-projekt.elf'
'Invoking: ARM v7 gcc linker'
arm-none-eabi-gcc -mcpu=cortex-a9 -mfpu=vfpv3 -mfloat-abi=hard -Wl,-build-id=none -specs=Xilinx.spec -Wl,-T -Wl,../src/lscript.ld -L../../mas_camera_bsp/ps7_cortexa9_0/lib -o "MAS-projekt.elf"  ./src/echo.o ./src/main.o ./src/platform.o ./src/platform_zynq.o   -Wl,--start-group,-lxil,-lgcc,-lc,--end-group -Wl,--start-group,-lxil,-llwip4,-lgcc,-lc,--end-group
'Finished building target: MAS-projekt.elf'
' '
'Invoking: ARM v7 Print Size'
arm-none-eabi-size MAS-projekt.elf  |tee "MAS-projekt.elf.size"
   text	   data	    bss	    dec	    hex	filename
 104180	   4260	2218288	2326728	 2380c8	MAS-projekt.elf
'Finished building: MAS-projekt.elf.size'
' '
10:24:56 **** Incremental Build of configuration Debug for project MAS-projekt ****
make pre-build main-build 
a9-linaro-pre-build-step
' '
make: Ništa za napraviti za `main-build'.
10:26:11 **** Auto Build of configuration Debug for project MAS-projekt ****
make pre-build main-build 
a9-linaro-pre-build-step
' '
'Building file: ../src/main.c'
'Invoking: ARM v7 gcc compiler'
arm-none-eabi-gcc -Wall -O0 -g3 -c -fmessage-length=0 -MT"src/main.o" -mcpu=cortex-a9 -mfpu=vfpv3 -mfloat-abi=hard -I../../mas_camera_bsp/ps7_cortexa9_0/include -MMD -MP -MF"src/main.d" -MT"src/main.o" -o "src/main.o" "../src/main.c"
../src/main.c:411:27: warning: 'ov7670_image' defined but not used [-Wunused-variable]
 static struct regval_list ov7670_image[] = {
                           ^~~~~~~~~~~~
../src/main.c:404:27: warning: 'ov7670_test_bar' defined but not used [-Wunused-variable]
 static struct regval_list ov7670_test_bar[] = {
                           ^~~~~~~~~~~~~~~
../src/main.c:397:27: warning: 'ov7670_test_shift' defined but not used [-Wunused-variable]
 static struct regval_list ov7670_test_shift[] = {
                           ^~~~~~~~~~~~~~~~~
../src/main.c:361:27: warning: 'ov7670_fmt_yuv422' defined but not used [-Wunused-variable]
 static struct regval_list ov7670_fmt_yuv422[] = {
                           ^~~~~~~~~~~~~~~~~
'Finished building: ../src/main.c'
' '
'Building target: MAS-projekt.elf'
'Invoking: ARM v7 gcc linker'
arm-none-eabi-gcc -mcpu=cortex-a9 -mfpu=vfpv3 -mfloat-abi=hard -Wl,-build-id=none -specs=Xilinx.spec -Wl,-T -Wl,../src/lscript.ld -L../../mas_camera_bsp/ps7_cortexa9_0/lib -o "MAS-projekt.elf"  ./src/echo.o ./src/main.o ./src/platform.o ./src/platform_zynq.o   -Wl,--start-group,-lxil,-lgcc,-lc,--end-group -Wl,--start-group,-lxil,-llwip4,-lgcc,-lc,--end-group
'Finished building target: MAS-projekt.elf'
' '
'Invoking: ARM v7 Print Size'
arm-none-eabi-size MAS-projekt.elf  |tee "MAS-projekt.elf.size"
   text	   data	    bss	    dec	    hex	filename
 104160	   4260	2218288	2326708	 2380b4	MAS-projekt.elf
'Finished building: MAS-projekt.elf.size'
' '
10:26:31 **** Incremental Build of configuration Debug for project MAS-projekt ****
make pre-build main-build 
a9-linaro-pre-build-step
' '
make: Ništa za napraviti za `main-build'.
10:29:01 **** Auto Build of configuration Debug for project MAS-projekt ****
make pre-build main-build 
a9-linaro-pre-build-step
' '
'Building file: ../src/main.c'
'Invoking: ARM v7 gcc compiler'
arm-none-eabi-gcc -Wall -O0 -g3 -c -fmessage-length=0 -MT"src/main.o" -mcpu=cortex-a9 -mfpu=vfpv3 -mfloat-abi=hard -I../../mas_camera_bsp/ps7_cortexa9_0/include -MMD -MP -MF"src/main.d" -MT"src/main.o" -o "src/main.o" "../src/main.c"
../src/main.c:411:27: warning: 'ov7670_image' defined but not used [-Wunused-variable]
 static struct regval_list ov7670_image[] = {
                           ^~~~~~~~~~~~
../src/main.c:404:27: warning: 'ov7670_test_bar' defined but not used [-Wunused-variable]
 static struct regval_list ov7670_test_bar[] = {
                           ^~~~~~~~~~~~~~~
../src/main.c:397:27: warning: 'ov7670_test_shift' defined but not used [-Wunused-variable]
 static struct regval_list ov7670_test_shift[] = {
                           ^~~~~~~~~~~~~~~~~
../src/main.c:361:27: warning: 'ov7670_fmt_yuv422' defined but not used [-Wunused-variable]
 static struct regval_list ov7670_fmt_yuv422[] = {
                           ^~~~~~~~~~~~~~~~~
'Finished building: ../src/main.c'
' '
'Building target: MAS-projekt.elf'
'Invoking: ARM v7 gcc linker'
arm-none-eabi-gcc -mcpu=cortex-a9 -mfpu=vfpv3 -mfloat-abi=hard -Wl,-build-id=none -specs=Xilinx.spec -Wl,-T -Wl,../src/lscript.ld -L../../mas_camera_bsp/ps7_cortexa9_0/lib -o "MAS-projekt.elf"  ./src/echo.o ./src/main.o ./src/platform.o ./src/platform_zynq.o   -Wl,--start-group,-lxil,-lgcc,-lc,--end-group -Wl,--start-group,-lxil,-llwip4,-lgcc,-lc,--end-group
'Finished building target: MAS-projekt.elf'
' '
'Invoking: ARM v7 Print Size'
arm-none-eabi-size MAS-projekt.elf  |tee "MAS-projekt.elf.size"
   text	   data	    bss	    dec	    hex	filename
 104096	   4260	2218288	2326644	 238074	MAS-projekt.elf
'Finished building: MAS-projekt.elf.size'
' '
10:29:07 **** Incremental Build of configuration Debug for project MAS-projekt ****
make pre-build main-build 
a9-linaro-pre-build-step
' '
make: Ništa za napraviti za `main-build'.
10:29:57 **** Auto Build of configuration Debug for project MAS-projekt ****
make pre-build main-build 
a9-linaro-pre-build-step
' '
'Building file: ../src/main.c'
'Invoking: ARM v7 gcc compiler'
arm-none-eabi-gcc -Wall -O0 -g3 -c -fmessage-length=0 -MT"src/main.o" -mcpu=cortex-a9 -mfpu=vfpv3 -mfloat-abi=hard -I../../mas_camera_bsp/ps7_cortexa9_0/include -MMD -MP -MF"src/main.d" -MT"src/main.o" -o "src/main.o" "../src/main.c"
../src/main.c:411:27: warning: 'ov7670_image' defined but not used [-Wunused-variable]
 static struct regval_list ov7670_image[] = {
                           ^~~~~~~~~~~~
../src/main.c:404:27: warning: 'ov7670_test_bar' defined but not used [-Wunused-variable]
 static struct regval_list ov7670_test_bar[] = {
                           ^~~~~~~~~~~~~~~
../src/main.c:397:27: warning: 'ov7670_test_shift' defined but not used [-Wunused-variable]
 static struct regval_list ov7670_test_shift[] = {
                           ^~~~~~~~~~~~~~~~~
../src/main.c:361:27: warning: 'ov7670_fmt_yuv422' defined but not used [-Wunused-variable]
 static struct regval_list ov7670_fmt_yuv422[] = {
                           ^~~~~~~~~~~~~~~~~
'Finished building: ../src/main.c'
' '
'Building target: MAS-projekt.elf'
'Invoking: ARM v7 gcc linker'
arm-none-eabi-gcc -mcpu=cortex-a9 -mfpu=vfpv3 -mfloat-abi=hard -Wl,-build-id=none -specs=Xilinx.spec -Wl,-T -Wl,../src/lscript.ld -L../../mas_camera_bsp/ps7_cortexa9_0/lib -o "MAS-projekt.elf"  ./src/echo.o ./src/main.o ./src/platform.o ./src/platform_zynq.o   -Wl,--start-group,-lxil,-lgcc,-lc,--end-group -Wl,--start-group,-lxil,-llwip4,-lgcc,-lc,--end-group
'Finished building target: MAS-projekt.elf'
' '
'Invoking: ARM v7 Print Size'
arm-none-eabi-size MAS-projekt.elf  |tee "MAS-projekt.elf.size"
   text	   data	    bss	    dec	    hex	filename
 104180	   4260	2218288	2326728	 2380c8	MAS-projekt.elf
'Finished building: MAS-projekt.elf.size'
' '
10:30:22 **** Clean-only build of configuration Debug for project MAS-projekt ****
make clean 
rm -rf  ./src/echo.o ./src/main.o ./src/platform.o ./src/platform_zynq.o  ./src/echo.d ./src/main.d ./src/platform.d ./src/platform_zynq.d  MAS-projekt.elf.size  MAS-projekt.elf
' '
10:30:23 **** Auto Build of configuration Debug for project MAS-projekt ****
make pre-build main-build 
a9-linaro-pre-build-step
' '
'Building file: ../src/echo.c'
'Invoking: ARM v7 gcc compiler'
arm-none-eabi-gcc -Wall -O0 -g3 -c -fmessage-length=0 -MT"src/echo.o" -mcpu=cortex-a9 -mfpu=vfpv3 -mfloat-abi=hard -I../../mas_camera_bsp/ps7_cortexa9_0/include -MMD -MP -MF"src/echo.d" -MT"src/echo.o" -o "src/echo.o" "../src/echo.c"
'Finished building: ../src/echo.c'
' '
'Building file: ../src/main.c'
'Invoking: ARM v7 gcc compiler'
arm-none-eabi-gcc -Wall -O0 -g3 -c -fmessage-length=0 -MT"src/main.o" -mcpu=cortex-a9 -mfpu=vfpv3 -mfloat-abi=hard -I../../mas_camera_bsp/ps7_cortexa9_0/include -MMD -MP -MF"src/main.d" -MT"src/main.o" -o "src/main.o" "../src/main.c"
../src/main.c:411:27: warning: 'ov7670_image' defined but not used [-Wunused-variable]
 static struct regval_list ov7670_image[] = {
                           ^~~~~~~~~~~~
../src/main.c:404:27: warning: 'ov7670_test_bar' defined but not used [-Wunused-variable]
 static struct regval_list ov7670_test_bar[] = {
                           ^~~~~~~~~~~~~~~
../src/main.c:397:27: warning: 'ov7670_test_shift' defined but not used [-Wunused-variable]
 static struct regval_list ov7670_test_shift[] = {
                           ^~~~~~~~~~~~~~~~~
../src/main.c:361:27: warning: 'ov7670_fmt_yuv422' defined but not used [-Wunused-variable]
 static struct regval_list ov7670_fmt_yuv422[] = {
                           ^~~~~~~~~~~~~~~~~
'Finished building: ../src/main.c'
' '
'Building file: ../src/platform.c'
'Invoking: ARM v7 gcc compiler'
arm-none-eabi-gcc -Wall -O0 -g3 -c -fmessage-length=0 -MT"src/platform.o" -mcpu=cortex-a9 -mfpu=vfpv3 -mfloat-abi=hard -I../../mas_camera_bsp/ps7_cortexa9_0/include -MMD -MP -MF"src/platform.d" -MT"src/platform.o" -o "src/platform.o" "../src/platform.c"
'Finished building: ../src/platform.c'
' '
'Building file: ../src/platform_zynq.c'
'Invoking: ARM v7 gcc compiler'
arm-none-eabi-gcc -Wall -O0 -g3 -c -fmessage-length=0 -MT"src/platform_zynq.o" -mcpu=cortex-a9 -mfpu=vfpv3 -mfloat-abi=hard -I../../mas_camera_bsp/ps7_cortexa9_0/include -MMD -MP -MF"src/platform_zynq.d" -MT"src/platform_zynq.o" -o "src/platform_zynq.o" "../src/platform_zynq.c"
'Finished building: ../src/platform_zynq.c'
' '
'Building target: MAS-projekt.elf'
'Invoking: ARM v7 gcc linker'
arm-none-eabi-gcc -mcpu=cortex-a9 -mfpu=vfpv3 -mfloat-abi=hard -Wl,-build-id=none -specs=Xilinx.spec -Wl,-T -Wl,../src/lscript.ld -L../../mas_camera_bsp/ps7_cortexa9_0/lib -o "MAS-projekt.elf"  ./src/echo.o ./src/main.o ./src/platform.o ./src/platform_zynq.o   -Wl,--start-group,-lxil,-lgcc,-lc,--end-group -Wl,--start-group,-lxil,-llwip4,-lgcc,-lc,--end-group
'Finished building target: MAS-projekt.elf'
' '
'Invoking: ARM v7 Print Size'
arm-none-eabi-size MAS-projekt.elf  |tee "MAS-projekt.elf.size"
   text	   data	    bss	    dec	    hex	filename
 104180	   4260	3160368	3268808	 31e0c8	MAS-projekt.elf
'Finished building: MAS-projekt.elf.size'
' '
10:30:34 **** Auto Build of configuration Debug for project MAS-projekt ****
make pre-build main-build 
a9-linaro-pre-build-step
' '
'Building file: ../src/main.c'
'Invoking: ARM v7 gcc compiler'
arm-none-eabi-gcc -Wall -O0 -g3 -c -fmessage-length=0 -MT"src/main.o" -mcpu=cortex-a9 -mfpu=vfpv3 -mfloat-abi=hard -I../../mas_camera_bsp/ps7_cortexa9_0/include -MMD -MP -MF"src/main.d" -MT"src/main.o" -o "src/main.o" "../src/main.c"
../src/main.c:411:27: warning: 'ov7670_image' defined but not used [-Wunused-variable]
 static struct regval_list ov7670_image[] = {
                           ^~~~~~~~~~~~
../src/main.c:404:27: warning: 'ov7670_test_bar' defined but not used [-Wunused-variable]
 static struct regval_list ov7670_test_bar[] = {
                           ^~~~~~~~~~~~~~~
../src/main.c:397:27: warning: 'ov7670_test_shift' defined but not used [-Wunused-variable]
 static struct regval_list ov7670_test_shift[] = {
                           ^~~~~~~~~~~~~~~~~
../src/main.c:361:27: warning: 'ov7670_fmt_yuv422' defined but not used [-Wunused-variable]
 static struct regval_list ov7670_fmt_yuv422[] = {
                           ^~~~~~~~~~~~~~~~~
'Finished building: ../src/main.c'
' '
'Building target: MAS-projekt.elf'
'Invoking: ARM v7 gcc linker'
arm-none-eabi-gcc -mcpu=cortex-a9 -mfpu=vfpv3 -mfloat-abi=hard -Wl,-build-id=none -specs=Xilinx.spec -Wl,-T -Wl,../src/lscript.ld -L../../mas_camera_bsp/ps7_cortexa9_0/lib -o "MAS-projekt.elf"  ./src/echo.o ./src/main.o ./src/platform.o ./src/platform_zynq.o   -Wl,--start-group,-lxil,-lgcc,-lc,--end-group -Wl,--start-group,-lxil,-llwip4,-lgcc,-lc,--end-group
'Finished building target: MAS-projekt.elf'
' '
'Invoking: ARM v7 Print Size'
arm-none-eabi-size MAS-projekt.elf  |tee "MAS-projekt.elf.size"
   text	   data	    bss	    dec	    hex	filename
 104180	   4260	3160368	3268808	 31e0c8	MAS-projekt.elf
'Finished building: MAS-projekt.elf.size'
' '
10:30:41 **** Incremental Build of configuration Debug for project MAS-projekt ****
make pre-build main-build 
a9-linaro-pre-build-step
' '
make: Ništa za napraviti za `main-build'.
10:33:45 **** Clean-only build of configuration Debug for project MAS-projekt ****
make clean 
rm -rf  ./src/echo.o ./src/main.o ./src/platform.o ./src/platform_zynq.o  ./src/echo.d ./src/main.d ./src/platform.d ./src/platform_zynq.d  MAS-projekt.elf.size  MAS-projekt.elf
' '
10:33:46 **** Auto Build of configuration Debug for project MAS-projekt ****
make pre-build main-build 
a9-linaro-pre-build-step
' '
'Building file: ../src/echo.c'
'Invoking: ARM v7 gcc compiler'
arm-none-eabi-gcc -Wall -O0 -g3 -c -fmessage-length=0 -MT"src/echo.o" -mcpu=cortex-a9 -mfpu=vfpv3 -mfloat-abi=hard -I../../mas_camera_bsp/ps7_cortexa9_0/include -MMD -MP -MF"src/echo.d" -MT"src/echo.o" -o "src/echo.o" "../src/echo.c"
'Finished building: ../src/echo.c'
' '
'Building file: ../src/main.c'
'Invoking: ARM v7 gcc compiler'
arm-none-eabi-gcc -Wall -O0 -g3 -c -fmessage-length=0 -MT"src/main.o" -mcpu=cortex-a9 -mfpu=vfpv3 -mfloat-abi=hard -I../../mas_camera_bsp/ps7_cortexa9_0/include -MMD -MP -MF"src/main.d" -MT"src/main.o" -o "src/main.o" "../src/main.c"
../src/main.c:411:27: warning: 'ov7670_image' defined but not used [-Wunused-variable]
 static struct regval_list ov7670_image[] = {
                           ^~~~~~~~~~~~
../src/main.c:404:27: warning: 'ov7670_test_bar' defined but not used [-Wunused-variable]
 static struct regval_list ov7670_test_bar[] = {
                           ^~~~~~~~~~~~~~~
../src/main.c:397:27: warning: 'ov7670_test_shift' defined but not used [-Wunused-variable]
 static struct regval_list ov7670_test_shift[] = {
                           ^~~~~~~~~~~~~~~~~
../src/main.c:361:27: warning: 'ov7670_fmt_yuv422' defined but not used [-Wunused-variable]
 static struct regval_list ov7670_fmt_yuv422[] = {
                           ^~~~~~~~~~~~~~~~~
'Finished building: ../src/main.c'
' '
'Building file: ../src/platform.c'
'Invoking: ARM v7 gcc compiler'
arm-none-eabi-gcc -Wall -O0 -g3 -c -fmessage-length=0 -MT"src/platform.o" -mcpu=cortex-a9 -mfpu=vfpv3 -mfloat-abi=hard -I../../mas_camera_bsp/ps7_cortexa9_0/include -MMD -MP -MF"src/platform.d" -MT"src/platform.o" -o "src/platform.o" "../src/platform.c"
'Finished building: ../src/platform.c'
' '
'Building file: ../src/platform_zynq.c'
'Invoking: ARM v7 gcc compiler'
arm-none-eabi-gcc -Wall -O0 -g3 -c -fmessage-length=0 -MT"src/platform_zynq.o" -mcpu=cortex-a9 -mfpu=vfpv3 -mfloat-abi=hard -I../../mas_camera_bsp/ps7_cortexa9_0/include -MMD -MP -MF"src/platform_zynq.d" -MT"src/platform_zynq.o" -o "src/platform_zynq.o" "../src/platform_zynq.c"
'Finished building: ../src/platform_zynq.c'
' '
'Building target: MAS-projekt.elf'
'Invoking: ARM v7 gcc linker'
arm-none-eabi-gcc -mcpu=cortex-a9 -mfpu=vfpv3 -mfloat-abi=hard -Wl,-build-id=none -specs=Xilinx.spec -Wl,-T -Wl,../src/lscript.ld -L../../mas_camera_bsp/ps7_cortexa9_0/lib -o "MAS-projekt.elf"  ./src/echo.o ./src/main.o ./src/platform.o ./src/platform_zynq.o   -Wl,--start-group,-lxil,-lgcc,-lc,--end-group -Wl,--start-group,-lxil,-llwip4,-lgcc,-lc,--end-group
'Finished building target: MAS-projekt.elf'
' '
'Invoking: ARM v7 Print Size'
arm-none-eabi-size MAS-projekt.elf  |tee "MAS-projekt.elf.size"
   text	   data	    bss	    dec	    hex	filename
 104180	   4260	4233520	4341960	 4240c8	MAS-projekt.elf
'Finished building: MAS-projekt.elf.size'
' '
10:34:04 **** Auto Build of configuration Debug for project MAS-projekt ****
make pre-build main-build 
a9-linaro-pre-build-step
' '
'Building file: ../src/main.c'
'Invoking: ARM v7 gcc compiler'
arm-none-eabi-gcc -Wall -O0 -g3 -c -fmessage-length=0 -MT"src/main.o" -mcpu=cortex-a9 -mfpu=vfpv3 -mfloat-abi=hard -I../../mas_camera_bsp/ps7_cortexa9_0/include -MMD -MP -MF"src/main.d" -MT"src/main.o" -o "src/main.o" "../src/main.c"
../src/main.c:411:27: warning: 'ov7670_image' defined but not used [-Wunused-variable]
 static struct regval_list ov7670_image[] = {
                           ^~~~~~~~~~~~
../src/main.c:404:27: warning: 'ov7670_test_bar' defined but not used [-Wunused-variable]
 static struct regval_list ov7670_test_bar[] = {
                           ^~~~~~~~~~~~~~~
../src/main.c:397:27: warning: 'ov7670_test_shift' defined but not used [-Wunused-variable]
 static struct regval_list ov7670_test_shift[] = {
                           ^~~~~~~~~~~~~~~~~
../src/main.c:361:27: warning: 'ov7670_fmt_yuv422' defined but not used [-Wunused-variable]
 static struct regval_list ov7670_fmt_yuv422[] = {
                           ^~~~~~~~~~~~~~~~~
'Finished building: ../src/main.c'
' '
'Building target: MAS-projekt.elf'
'Invoking: ARM v7 gcc linker'
arm-none-eabi-gcc -mcpu=cortex-a9 -mfpu=vfpv3 -mfloat-abi=hard -Wl,-build-id=none -specs=Xilinx.spec -Wl,-T -Wl,../src/lscript.ld -L../../mas_camera_bsp/ps7_cortexa9_0/lib -o "MAS-projekt.elf"  ./src/echo.o ./src/main.o ./src/platform.o ./src/platform_zynq.o   -Wl,--start-group,-lxil,-lgcc,-lc,--end-group -Wl,--start-group,-lxil,-llwip4,-lgcc,-lc,--end-group
'Finished building target: MAS-projekt.elf'
' '
'Invoking: ARM v7 Print Size'
arm-none-eabi-size MAS-projekt.elf  |tee "MAS-projekt.elf.size"
   text	   data	    bss	    dec	    hex	filename
 104180	   4260	4233520	4341960	 4240c8	MAS-projekt.elf
'Finished building: MAS-projekt.elf.size'
' '
10:34:33 **** Incremental Build of configuration Debug for project MAS-projekt ****
make pre-build main-build 
a9-linaro-pre-build-step
' '
make: Ništa za napraviti za `main-build'.
10:36:16 **** Auto Build of configuration Debug for project MAS-projekt ****
make pre-build main-build 
a9-linaro-pre-build-step
' '
'Building file: ../src/main.c'
'Invoking: ARM v7 gcc compiler'
arm-none-eabi-gcc -Wall -O0 -g3 -c -fmessage-length=0 -MT"src/main.o" -mcpu=cortex-a9 -mfpu=vfpv3 -mfloat-abi=hard -I../../mas_camera_bsp/ps7_cortexa9_0/include -MMD -MP -MF"src/main.d" -MT"src/main.o" -o "src/main.o" "../src/main.c"
../src/main.c: In function 'readFromCamera':
../src/main.c:734:4: error: 'Slika' undeclared (first use in this function)
    Slika[z] =(u8)(tt);
    ^~~~~
../src/main.c:734:4: note: each undeclared identifier is reported only once for each function it appears in
At top level:
../src/main.c:412:27: warning: 'ov7670_image' defined but not used [-Wunused-variable]
 static struct regval_list ov7670_image[] = {
                           ^~~~~~~~~~~~
../src/main.c:405:27: warning: 'ov7670_test_bar' defined but not used [-Wunused-variable]
 static struct regval_list ov7670_test_bar[] = {
                           ^~~~~~~~~~~~~~~
../src/main.c:398:27: warning: 'ov7670_test_shift' defined but not used [-Wunused-variable]
 static struct regval_list ov7670_test_shift[] = {
                           ^~~~~~~~~~~~~~~~~
../src/main.c:362:27: warning: 'ov7670_fmt_yuv422' defined but not used [-Wunused-variable]
 static struct regval_list ov7670_fmt_yuv422[] = {
                           ^~~~~~~~~~~~~~~~~
make: *** [src/main.o] Greška 1
10:36:27 **** Auto Build of configuration Debug for project MAS-projekt ****
make pre-build main-build 
a9-linaro-pre-build-step
' '
'Building file: ../src/main.c'
'Invoking: ARM v7 gcc compiler'
arm-none-eabi-gcc -Wall -O0 -g3 -c -fmessage-length=0 -MT"src/main.o" -mcpu=cortex-a9 -mfpu=vfpv3 -mfloat-abi=hard -I../../mas_camera_bsp/ps7_cortexa9_0/include -MMD -MP -MF"src/main.d" -MT"src/main.o" -o "src/main.o" "../src/main.c"
../src/main.c:412:27: warning: 'ov7670_image' defined but not used [-Wunused-variable]
 static struct regval_list ov7670_image[] = {
                           ^~~~~~~~~~~~
../src/main.c:405:27: warning: 'ov7670_test_bar' defined but not used [-Wunused-variable]
 static struct regval_list ov7670_test_bar[] = {
                           ^~~~~~~~~~~~~~~
../src/main.c:398:27: warning: 'ov7670_test_shift' defined but not used [-Wunused-variable]
 static struct regval_list ov7670_test_shift[] = {
                           ^~~~~~~~~~~~~~~~~
../src/main.c:362:27: warning: 'ov7670_fmt_yuv422' defined but not used [-Wunused-variable]
 static struct regval_list ov7670_fmt_yuv422[] = {
                           ^~~~~~~~~~~~~~~~~
'Finished building: ../src/main.c'
' '
'Building target: MAS-projekt.elf'
'Invoking: ARM v7 gcc linker'
arm-none-eabi-gcc -mcpu=cortex-a9 -mfpu=vfpv3 -mfloat-abi=hard -Wl,-build-id=none -specs=Xilinx.spec -Wl,-T -Wl,../src/lscript.ld -L../../mas_camera_bsp/ps7_cortexa9_0/lib -o "MAS-projekt.elf"  ./src/echo.o ./src/main.o ./src/platform.o ./src/platform_zynq.o   -Wl,--start-group,-lxil,-lgcc,-lc,--end-group -Wl,--start-group,-lxil,-llwip4,-lgcc,-lc,--end-group
'Finished building target: MAS-projekt.elf'
' '
'Invoking: ARM v7 Print Size'
arm-none-eabi-size MAS-projekt.elf  |tee "MAS-projekt.elf.size"
   text	   data	    bss	    dec	    hex	filename
 104744	   4260	4233520	4342524	 4242fc	MAS-projekt.elf
'Finished building: MAS-projekt.elf.size'
' '
10:39:22 **** Auto Build of configuration Debug for project MAS-projekt ****
make pre-build main-build 
a9-linaro-pre-build-step
' '
'Building file: ../src/main.c'
'Invoking: ARM v7 gcc compiler'
arm-none-eabi-gcc -Wall -O0 -g3 -c -fmessage-length=0 -MT"src/main.o" -mcpu=cortex-a9 -mfpu=vfpv3 -mfloat-abi=hard -I../../mas_camera_bsp/ps7_cortexa9_0/include -MMD -MP -MF"src/main.d" -MT"src/main.o" -o "src/main.o" "../src/main.c"
../src/main.c: In function 'recv_callback':
../src/main.c:613:25: error: 'greeting1' undeclared (first use in this function)
   err = tcp_write(tpcb, greeting1, 8192, 1);
                         ^~~~~~~~~
../src/main.c:613:25: note: each undeclared identifier is reported only once for each function it appears in
At top level:
../src/main.c:413:27: warning: 'ov7670_image' defined but not used [-Wunused-variable]
 static struct regval_list ov7670_image[] = {
                           ^~~~~~~~~~~~
../src/main.c:406:27: warning: 'ov7670_test_bar' defined but not used [-Wunused-variable]
 static struct regval_list ov7670_test_bar[] = {
                           ^~~~~~~~~~~~~~~
../src/main.c:399:27: warning: 'ov7670_test_shift' defined but not used [-Wunused-variable]
 static struct regval_list ov7670_test_shift[] = {
                           ^~~~~~~~~~~~~~~~~
../src/main.c:363:27: warning: 'ov7670_fmt_yuv422' defined but not used [-Wunused-variable]
 static struct regval_list ov7670_fmt_yuv422[] = {
                           ^~~~~~~~~~~~~~~~~
make: *** [src/main.o] Greška 1
10:45:56 **** Auto Build of configuration Debug for project MAS-projekt ****
make pre-build main-build 
a9-linaro-pre-build-step
' '
'Building file: ../src/main.c'
'Invoking: ARM v7 gcc compiler'
arm-none-eabi-gcc -Wall -O0 -g3 -c -fmessage-length=0 -MT"src/main.o" -mcpu=cortex-a9 -mfpu=vfpv3 -mfloat-abi=hard -I../../mas_camera_bsp/ps7_cortexa9_0/include -MMD -MP -MF"src/main.d" -MT"src/main.o" -o "src/main.o" "../src/main.c"
../src/main.c:413:27: warning: 'ov7670_image' defined but not used [-Wunused-variable]
 static struct regval_list ov7670_image[] = {
                           ^~~~~~~~~~~~
../src/main.c:406:27: warning: 'ov7670_test_bar' defined but not used [-Wunused-variable]
 static struct regval_list ov7670_test_bar[] = {
                           ^~~~~~~~~~~~~~~
../src/main.c:399:27: warning: 'ov7670_test_shift' defined but not used [-Wunused-variable]
 static struct regval_list ov7670_test_shift[] = {
                           ^~~~~~~~~~~~~~~~~
../src/main.c:363:27: warning: 'ov7670_fmt_yuv422' defined but not used [-Wunused-variable]
 static struct regval_list ov7670_fmt_yuv422[] = {
                           ^~~~~~~~~~~~~~~~~
'Finished building: ../src/main.c'
' '
'Building target: MAS-projekt.elf'
'Invoking: ARM v7 gcc linker'
arm-none-eabi-gcc -mcpu=cortex-a9 -mfpu=vfpv3 -mfloat-abi=hard -Wl,-build-id=none -specs=Xilinx.spec -Wl,-T -Wl,../src/lscript.ld -L../../mas_camera_bsp/ps7_cortexa9_0/lib -o "MAS-projekt.elf"  ./src/echo.o ./src/main.o ./src/platform.o ./src/platform_zynq.o   -Wl,--start-group,-lxil,-lgcc,-lc,--end-group -Wl,--start-group,-lxil,-llwip4,-lgcc,-lc,--end-group
'Finished building target: MAS-projekt.elf'
' '
'Invoking: ARM v7 Print Size'
arm-none-eabi-size MAS-projekt.elf  |tee "MAS-projekt.elf.size"
   text	   data	    bss	    dec	    hex	filename
[...]
arm-none-eabi-size MAS-projekt.elf  |tee "MAS-projekt.elf.size"
   text	   data	    bss	    dec	    hex	filename
 110940	   3884	14719280	14834104	 e259b8	MAS-projekt.elf
'Finished building: MAS-projekt.elf.size'
' '
12:06:00 **** Incremental Build of configuration Debug for project MAS-projekt ****
make pre-build main-build 
a9-linaro-pre-build-step
' '
make: Ništa za napraviti za `main-build'.
12:14:24 **** Auto Build of configuration Debug for project MAS-projekt ****
make pre-build main-build 
a9-linaro-pre-build-step
' '
'Building file: ../src/main.c'
'Invoking: ARM v7 gcc compiler'
arm-none-eabi-gcc -Wall -O0 -Ofast -g3 -c -fmessage-length=0 -MT"src/main.o" -mcpu=cortex-a9 -mfpu=vfpv3 -mfloat-abi=hard -I../../mas_camera_bsp/ps7_cortexa9_0/include -MMD -MP -MF"src/main.d" -MT"src/main.o" -o "src/main.o" "../src/main.c"
../src/main.c:419:27: warning: 'ov7670_image' defined but not used [-Wunused-variable]
 static struct regval_list ov7670_image[] = {
                           ^~~~~~~~~~~~
../src/main.c:405:27: warning: 'ov7670_test_shift' defined but not used [-Wunused-variable]
 static struct regval_list ov7670_test_shift[] = {
                           ^~~~~~~~~~~~~~~~~
'Finished building: ../src/main.c'
' '
'Building target: MAS-projekt.elf'
'Invoking: ARM v7 gcc linker'
arm-none-eabi-gcc -mcpu=cortex-a9 -mfpu=vfpv3 -mfloat-abi=hard -Wl,-build-id=none -specs=Xilinx.spec -Wl,-T -Wl,../src/lscript.ld -L../../mas_camera_bsp/ps7_cortexa9_0/lib -o "MAS-projekt.elf"  ./src/echo.o ./src/main.o ./src/platform.o ./src/platform_zynq.o   -lm -Wl,--start-group,-lxil,-lgcc,-lc,--end-group -Wl,--start-group,-lxil,-llwip4,-lgcc,-lc,--end-group
'Finished building target: MAS-projekt.elf'
' '
'Invoking: ARM v7 Print Size'
arm-none-eabi-size MAS-projekt.elf  |tee "MAS-projekt.elf.size"
   text	   data	    bss	    dec	    hex	filename
 110940	   3884	14719280	14834104	 e259b8	MAS-projekt.elf
'Finished building: MAS-projekt.elf.size'
' '
12:15:00 **** Incremental Build of configuration Debug for project MAS-projekt ****
make pre-build main-build 
a9-linaro-pre-build-step
' '
make: Ništa za napraviti za `main-build'.
17:06:13 **** Auto Build of configuration Debug for project MAS-projekt ****
make pre-build main-build 
a9-linaro-pre-build-step
' '
'Building file: ../src/main.c'
'Invoking: ARM v7 gcc compiler'
arm-none-eabi-gcc -Wall -O0 -Ofast -g3 -c -fmessage-length=0 -MT"src/main.o" -mcpu=cortex-a9 -mfpu=vfpv3 -mfloat-abi=hard -I../../mas_camera_bsp/ps7_cortexa9_0/include -MMD -MP -MF"src/main.d" -MT"src/main.o" -o "src/main.o" "../src/main.c"
../src/main.c:419:27: warning: 'ov7670_image' defined but not used [-Wunused-variable]
 static struct regval_list ov7670_image[] = {
                           ^~~~~~~~~~~~
../src/main.c:405:27: warning: 'ov7670_test_shift' defined but not used [-Wunused-variable]
 static struct regval_list ov7670_test_shift[] = {
                           ^~~~~~~~~~~~~~~~~
'Finished building: ../src/main.c'
' '
'Building target: MAS-projekt.elf'
'Invoking: ARM v7 gcc linker'
arm-none-eabi-gcc -mcpu=cortex-a9 -mfpu=vfpv3 -mfloat-abi=hard -Wl,-build-id=none -specs=Xilinx.spec -Wl,-T -Wl,../src/lscript.ld -L../../mas_camera_bsp/ps7_cortexa9_0/lib -o "MAS-projekt.elf"  ./src/echo.o ./src/main.o ./src/platform.o ./src/platform_zynq.o   -lm -Wl,--start-group,-lxil,-lgcc,-lc,--end-group -Wl,--start-group,-lxil,-llwip4,-lgcc,-lc,--end-group
'Finished building target: MAS-projekt.elf'
' '
'Invoking: ARM v7 Print Size'
arm-none-eabi-size MAS-projekt.elf  |tee "MAS-projekt.elf.size"
   text	   data	    bss	    dec	    hex	filename
 104704	   3884	14719280	14827868	 e2415c	MAS-projekt.elf
'Finished building: MAS-projekt.elf.size'
' '
17:09:06 **** Auto Build of configuration Debug for project MAS-projekt ****
make pre-build main-build 
a9-linaro-pre-build-step
' '
'Building file: ../src/main.c'
'Invoking: ARM v7 gcc compiler'
arm-none-eabi-gcc -Wall -O0 -Ofast -g3 -c -fmessage-length=0 -MT"src/main.o" -mcpu=cortex-a9 -mfpu=vfpv3 -mfloat-abi=hard -I../../mas_camera_bsp/ps7_cortexa9_0/include -MMD -MP -MF"src/main.d" -MT"src/main.o" -o "src/main.o" "../src/main.c"
../src/main.c: In function 'main':
../src/main.c:494:2: error: 'ptr' undeclared (first use in this function)
  ptr = &slika[0][0][0];
  ^~~
../src/main.c:494:2: note: each undeclared identifier is reported only once for each function it appears in
../src/main.c:494:17: error: subscripted value is neither array nor pointer nor vector
  ptr = &slika[0][0][0];
                 ^
../src/main.c: In function 'recv_callback':
../src/main.c:634:25: error: 'ptr' undeclared (first use in this function)
   err = tcp_write(tpcb, ptr + 8192 * cnt, 8192, 1);
                         ^~~
../src/main.c: In function 'readFromCamera':
../src/main.c:726:2: error: 'ptr' undeclared (first use in this function)
  ptr = (u8*) malloc(614400 * sizeof(u8));
  ^~~
At top level:
../src/main.c:417:27: warning: 'ov7670_image' defined but not used [-Wunused-variable]
 static struct regval_list ov7670_image[] = {
                           ^~~~~~~~~~~~
../src/main.c:403:27: warning: 'ov7670_test_shift' defined but not used [-Wunused-variable]
 static struct regval_list ov7670_test_shift[] = {
                           ^~~~~~~~~~~~~~~~~
make: *** [src/main.o] Greška 1
17:09:09 **** Auto Build of configuration Debug for project MAS-projekt ****
make pre-build main-build 
a9-linaro-pre-build-step
' '
'Building file: ../src/main.c'
'Invoking: ARM v7 gcc compiler'
arm-none-eabi-gcc -Wall -O0 -Ofast -g3 -c -fmessage-length=0 -MT"src/main.o" -mcpu=cortex-a9 -mfpu=vfpv3 -mfloat-abi=hard -I../../mas_camera_bsp/ps7_cortexa9_0/include -MMD -MP -MF"src/main.d" -MT"src/main.o" -o "src/main.o" "../src/main.c"
../src/main.c: In function 'main':
../src/main.c:494:2: error: 'ptr' undeclared (first use in this function)
  ptr = &slika[0][0][0];
  ^~~
../src/main.c:494:2: note: each undeclared identifier is reported only once for each function it appears in
../src/main.c:494:17: error: subscripted value is neither array nor pointer nor vector
  ptr = &slika[0][0][0];
                 ^
../src/main.c: In function 'recv_callback':
../src/main.c:634:25: error: 'ptr' undeclared (first use in this function)
   err = tcp_write(tpcb, ptr + 8192 * cnt, 8192, 1);
                         ^~~
At top level:
../src/main.c:417:27: warning: 'ov7670_image' defined but not used [-Wunused-variable]
 static struct regval_list ov7670_image[] = {
                           ^~~~~~~~~~~~
../src/main.c:403:27: warning: 'ov7670_test_shift' defined but not used [-Wunused-variable]
 static struct regval_list ov7670_test_shift[] = {
                           ^~~~~~~~~~~~~~~~~
make: *** [src/main.o] Greška 1
17:09:20 **** Auto Build of configuration Debug for project MAS-projekt ****
make pre-build main-build 
a9-linaro-pre-build-step
' '
'Building file: ../src/main.c'
'Invoking: ARM v7 gcc compiler'
arm-none-eabi-gcc -Wall -O0 -Ofast -g3 -c -fmessage-length=0 -MT"src/main.o" -mcpu=cortex-a9 -mfpu=vfpv3 -mfloat-abi=hard -I../../mas_camera_bsp/ps7_cortexa9_0/include -MMD -MP -MF"src/main.d" -MT"src/main.o" -o "src/main.o" "../src/main.c"
../src/main.c: In function 'main':
../src/main.c:494:2: error: 'ptr' undeclared (first use in this function)
  ptr = &slika[0][0][0];
  ^~~
../src/main.c:494:2: note: each undeclared identifier is reported only once for each function it appears in
../src/main.c:494:17: error: subscripted value is neither array nor pointer nor vector
  ptr = &slika[0][0][0];
                 ^
At top level:
../src/main.c:417:27: warning: 'ov7670_image' defined but not used [-Wunused-variable]
 static struct regval_list ov7670_image[] = {
                           ^~~~~~~~~~~~
../src/main.c:403:27: warning: 'ov7670_test_shift' defined but not used [-Wunused-variable]
 static struct regval_list ov7670_test_shift[] = {
                           ^~~~~~~~~~~~~~~~~
make: *** [src/main.o] Greška 1
17:09:38 **** Auto Build of configuration Debug for project MAS-projekt ****
make pre-build main-build 
a9-linaro-pre-build-step
' '
'Building file: ../src/main.c'
'Invoking: ARM v7 gcc compiler'
arm-none-eabi-gcc -Wall -O0 -Ofast -g3 -c -fmessage-length=0 -MT"src/main.o" -mcpu=cortex-a9 -mfpu=vfpv3 -mfloat-abi=hard -I../../mas_camera_bsp/ps7_cortexa9_0/include -MMD -MP -MF"src/main.d" -MT"src/main.o" -o "src/main.o" "../src/main.c"
../src/main.c:417:27: warning: 'ov7670_image' defined but not used [-Wunused-variable]
 static struct regval_list ov7670_image[] = {
                           ^~~~~~~~~~~~
../src/main.c:403:27: warning: 'ov7670_test_shift' defined but not used [-Wunused-variable]
 static struct regval_list ov7670_test_shift[] = {
                           ^~~~~~~~~~~~~~~~~
'Finished building: ../src/main.c'
' '
'Building target: MAS-projekt.elf'
'Invoking: ARM v7 gcc linker'
arm-none-eabi-gcc -mcpu=cortex-a9 -mfpu=vfpv3 -mfloat-abi=hard -Wl,-build-id=none -specs=Xilinx.spec -Wl,-T -Wl,../src/lscript.ld -L../../mas_camera_bsp/ps7_cortexa9_0/lib -o "MAS-projekt.elf"  ./src/echo.o ./src/main.o ./src/platform.o ./src/platform_zynq.o   -lm -Wl,--start-group,-lxil,-lgcc,-lc,--end-group -Wl,--start-group,-lxil,-llwip4,-lgcc,-lc,--end-group
'Finished building target: MAS-projekt.elf'
' '
'Invoking: ARM v7 Print Size'
arm-none-eabi-size MAS-projekt.elf  |tee "MAS-projekt.elf.size"
   text	   data	    bss	    dec	    hex	filename
 104648	   3884	12622128	12730660	 c24124	MAS-projekt.elf
'Finished building: MAS-projekt.elf.size'
' '
17:11:44 **** Incremental Build of configuration Debug for project MAS-projekt ****
make pre-build main-build 
a9-linaro-pre-build-step
' '
make: Ništa za napraviti za `main-build'.
17:18:32 **** Incremental Build of configuration Debug for project MAS-projekt ****
make pre-build main-build 
a9-linaro-pre-build-step
' '
make: Ništa za napraviti za `main-build'.
17:21:12 **** Auto Build of configuration Debug for project MAS-projekt ****
make pre-build main-build 
a9-linaro-pre-build-step
' '
'Building file: ../src/main.c'
'Invoking: ARM v7 gcc compiler'
arm-none-eabi-gcc -Wall -O0 -Ofast -g3 -c -fmessage-length=0 -MT"src/main.o" -mcpu=cortex-a9 -mfpu=vfpv3 -mfloat-abi=hard -I../../mas_camera_bsp/ps7_cortexa9_0/include -MMD -MP -MF"src/main.d" -MT"src/main.o" -o "src/main.o" "../src/main.c"
../src/main.c:417:27: warning: 'ov7670_image' defined but not used [-Wunused-variable]
 static struct regval_list ov7670_image[] = {
                           ^~~~~~~~~~~~
../src/main.c:403:27: warning: 'ov7670_test_shift' defined but not used [-Wunused-variable]
 static struct regval_list ov7670_test_shift[] = {
                           ^~~~~~~~~~~~~~~~~
'Finished building: ../src/main.c'
' '
'Building target: MAS-projekt.elf'
'Invoking: ARM v7 gcc linker'
arm-none-eabi-gcc -mcpu=cortex-a9 -mfpu=vfpv3 -mfloat-abi=hard -Wl,-build-id=none -specs=Xilinx.spec -Wl,-T -Wl,../src/lscript.ld -L../../mas_camera_bsp/ps7_cortexa9_0/lib -o "MAS-projekt.elf"  ./src/echo.o ./src/main.o ./src/platform.o ./src/platform_zynq.o   -lm -Wl,--start-group,-lxil,-lgcc,-lc,--end-group -Wl,--start-group,-lxil,-llwip4,-lgcc,-lc,--end-group
'Finished building target: MAS-projekt.elf'
' '
'Invoking: ARM v7 Print Size'
arm-none-eabi-size MAS-projekt.elf  |tee "MAS-projekt.elf.size"
   text	   data	    bss	    dec	    hex	filename
 104648	   3884	12622128	12730660	 c24124	MAS-projekt.elf
'Finished building: MAS-projekt.elf.size'
' '
17:21:31 **** Incremental Build of configuration Debug for project MAS-projekt ****
make pre-build main-build 
a9-linaro-pre-build-step
' '
make: Ništa za napraviti za `main-build'.
17:25:34 **** Auto Build of configuration Debug for project MAS-projekt ****
make pre-build main-build 
a9-linaro-pre-build-step
' '
'Building file: ../src/main.c'
'Invoking: ARM v7 gcc compiler'
arm-none-eabi-gcc -Wall -O0 -Ofast -g3 -c -fmessage-length=0 -MT"src/main.o" -mcpu=cortex-a9 -mfpu=vfpv3 -mfloat-abi=hard -I../../mas_camera_bsp/ps7_cortexa9_0/include -MMD -MP -MF"src/main.d" -MT"src/main.o" -o "src/main.o" "../src/main.c"
../src/main.c:417:27: warning: 'ov7670_image' defined but not used [-Wunused-variable]
 static struct regval_list ov7670_image[] = {
                           ^~~~~~~~~~~~
../src/main.c:403:27: warning: 'ov7670_test_shift' defined but not used [-Wunused-variable]
 static struct regval_list ov7670_test_shift[] = {
                           ^~~~~~~~~~~~~~~~~
'Finished building: ../src/main.c'
' '
'Building target: MAS-projekt.elf'
'Invoking: ARM v7 gcc linker'
arm-none-eabi-gcc -mcpu=cortex-a9 -mfpu=vfpv3 -mfloat-abi=hard -Wl,-build-id=none -specs=Xilinx.spec -Wl,-T -Wl,../src/lscript.ld -L../../mas_camera_bsp/ps7_cortexa9_0/lib -o "MAS-projekt.elf"  ./src/echo.o ./src/main.o ./src/platform.o ./src/platform_zynq.o   -lm -Wl,--start-group,-lxil,-lgcc,-lc,--end-group -Wl,--start-group,-lxil,-llwip4,-lgcc,-lc,--end-group
'Finished building target: MAS-projekt.elf'
' '
'Invoking: ARM v7 Print Size'
arm-none-eabi-size MAS-projekt.elf  |tee "MAS-projekt.elf.size"
   text	   data	    bss	    dec	    hex	filename
 104648	   3884	12622128	12730660	 c24124	MAS-projekt.elf
'Finished building: MAS-projekt.elf.size'
' '
17:25:42 **** Incremental Build of configuration Debug for project MAS-projekt ****
make pre-build main-build 
a9-linaro-pre-build-step
' '
make: Ništa za napraviti za `main-build'.
17:28:38 **** Auto Build of configuration Debug for project MAS-projekt ****
make pre-build main-build 
a9-linaro-pre-build-step
' '
'Building file: ../src/main.c'
'Invoking: ARM v7 gcc compiler'
arm-none-eabi-gcc -Wall -O0 -Ofast -g3 -c -fmessage-length=0 -MT"src/main.o" -mcpu=cortex-a9 -mfpu=vfpv3 -mfloat-abi=hard -I../../mas_camera_bsp/ps7_cortexa9_0/include -MMD -MP -MF"src/main.d" -MT"src/main.o" -o "src/main.o" "../src/main.c"
../src/main.c:417:27: warning: 'ov7670_image' defined but not used [-Wunused-variable]
 static struct regval_list ov7670_image[] = {
                           ^~~~~~~~~~~~
../src/main.c:403:27: warning: 'ov7670_test_shift' defined but not used [-Wunused-variable]
 static struct regval_list ov7670_test_shift[] = {
                           ^~~~~~~~~~~~~~~~~
'Finished building: ../src/main.c'
' '
'Building target: MAS-projekt.elf'
'Invoking: ARM v7 gcc linker'
arm-none-eabi-gcc -mcpu=cortex-a9 -mfpu=vfpv3 -mfloat-abi=hard -Wl,-build-id=none -specs=Xilinx.spec -Wl,-T -Wl,../src/lscript.ld -L../../mas_camera_bsp/ps7_cortexa9_0/lib -o "MAS-projekt.elf"  ./src/echo.o ./src/main.o ./src/platform.o ./src/platform_zynq.o   -lm -Wl,--start-group,-lxil,-lgcc,-lc,--end-group -Wl,--start-group,-lxil,-llwip4,-lgcc,-lc,--end-group
'Finished building target: MAS-projekt.elf'
' '
'Invoking: ARM v7 Print Size'
arm-none-eabi-size MAS-projekt.elf  |tee "MAS-projekt.elf.size"
   text	   data	    bss	    dec	    hex	filename
 104648	   3884	12622128	12730660	 c24124	MAS-projekt.elf
'Finished building: MAS-projekt.elf.size'
' '
17:28:41 **** Auto Build of configuration Debug for project MAS-projekt ****
make pre-build main-build 
a9-linaro-pre-build-step
' '
'Building file: ../src/main.c'
'Invoking: ARM v7 gcc compiler'
arm-none-eabi-gcc -Wall -O0 -Ofast -g3 -c -fmessage-length=0 -MT"src/main.o" -mcpu=cortex-a9 -mfpu=vfpv3 -mfloat-abi=hard -I../../mas_camera_bsp/ps7_cortexa9_0/include -MMD -MP -MF"src/main.d" -MT"src/main.o" -o "src/main.o" "../src/main.c"
../src/main.c:417:27: warning: 'ov7670_image' defined but not used [-Wunused-variable]
 static struct regval_list ov7670_image[] = {
                           ^~~~~~~~~~~~
../src/main.c:403:27: warning: 'ov7670_test_shift' defined but not used [-Wunused-variable]
 static struct regval_list ov7670_test_shift[] = {
                           ^~~~~~~~~~~~~~~~~
'Finished building: ../src/main.c'
' '
'Building target: MAS-projekt.elf'
'Invoking: ARM v7 gcc linker'
arm-none-eabi-gcc -mcpu=cortex-a9 -mfpu=vfpv3 -mfloat-abi=hard -Wl,-build-id=none -specs=Xilinx.spec -Wl,-T -Wl,../src/lscript.ld -L../../mas_camera_bsp/ps7_cortexa9_0/lib -o "MAS-projekt.elf"  ./src/echo.o ./src/main.o ./src/platform.o ./src/platform_zynq.o   -lm -Wl,--start-group,-lxil,-lgcc,-lc,--end-group -Wl,--start-group,-lxil,-llwip4,-lgcc,-lc,--end-group
'Finished building target: MAS-projekt.elf'
' '
'Invoking: ARM v7 Print Size'
arm-none-eabi-size MAS-projekt.elf  |tee "MAS-projekt.elf.size"
   text	   data	    bss	    dec	    hex	filename
 104648	   3884	12622128	12730660	 c24124	MAS-projekt.elf
'Finished building: MAS-projekt.elf.size'
' '
17:29:08 **** Incremental Build of configuration Debug for project MAS-projekt ****
make pre-build main-build 
a9-linaro-pre-build-step
' '
make: Ništa za napraviti za `main-build'.
17:30:28 **** Auto Build of configuration Debug for project MAS-projekt ****
make pre-build main-build 
a9-linaro-pre-build-step
' '
'Building file: ../src/main.c'
'Invoking: ARM v7 gcc compiler'
arm-none-eabi-gcc -Wall -O0 -Ofast -g3 -c -fmessage-length=0 -MT"src/main.o" -mcpu=cortex-a9 -mfpu=vfpv3 -mfloat-abi=hard -I../../mas_camera_bsp/ps7_cortexa9_0/include -MMD -MP -MF"src/main.d" -MT"src/main.o" -o "src/main.o" "../src/main.c"
../src/main.c:417:27: warning: 'ov7670_image' defined but not used [-Wunused-variable]
 static struct regval_list ov7670_image[] = {
                           ^~~~~~~~~~~~
../src/main.c:403:27: warning: 'ov7670_test_shift' defined but not used [-Wunused-variable]
 static struct regval_list ov7670_test_shift[] = {
                           ^~~~~~~~~~~~~~~~~
'Finished building: ../src/main.c'
' '
'Building target: MAS-projekt.elf'
'Invoking: ARM v7 gcc linker'
arm-none-eabi-gcc -mcpu=cortex-a9 -mfpu=vfpv3 -mfloat-abi=hard -Wl,-build-id=none -specs=Xilinx.spec -Wl,-T -Wl,../src/lscript.ld -L../../mas_camera_bsp/ps7_cortexa9_0/lib -o "MAS-projekt.elf"  ./src/echo.o ./src/main.o ./src/platform.o ./src/platform_zynq.o   -lm -Wl,--start-group,-lxil,-lgcc,-lc,--end-group -Wl,--start-group,-lxil,-llwip4,-lgcc,-lc,--end-group
'Finished building target: MAS-projekt.elf'
' '
'Invoking: ARM v7 Print Size'
arm-none-eabi-size MAS-projekt.elf  |tee "MAS-projekt.elf.size"
   text	   data	    bss	    dec	    hex	filename
 104648	   3884	12622128	12730660	 c24124	MAS-projekt.elf
'Finished building: MAS-projekt.elf.size'
' '
17:44:56 **** Auto Build of configuration Debug for project MAS-projekt ****
make pre-build main-build 
a9-linaro-pre-build-step
' '
'Building file: ../src/main.c'
'Invoking: ARM v7 gcc compiler'
arm-none-eabi-gcc -Wall -O0 -Ofast -g3 -c -fmessage-length=0 -MT"src/main.o" -mcpu=cortex-a9 -mfpu=vfpv3 -mfloat-abi=hard -I../../mas_camera_bsp/ps7_cortexa9_0/include -MMD -MP -MF"src/main.d" -MT"src/main.o" -o "src/main.o" "../src/main.c"
../src/main.c:417:27: warning: 'ov7670_image' defined but not used [-Wunused-variable]
 static struct regval_list ov7670_image[] = {
                           ^~~~~~~~~~~~
../src/main.c:403:27: warning: 'ov7670_test_shift' defined but not used [-Wunused-variable]
 static struct regval_list ov7670_test_shift[] = {
                           ^~~~~~~~~~~~~~~~~
'Finished building: ../src/main.c'
' '
'Building target: MAS-projekt.elf'
'Invoking: ARM v7 gcc linker'
arm-none-eabi-gcc -mcpu=cortex-a9 -mfpu=vfpv3 -mfloat-abi=hard -Wl,-build-id=none -specs=Xilinx.spec -Wl,-T -Wl,../src/lscript.ld -L../../mas_camera_bsp/ps7_cortexa9_0/lib -o "MAS-projekt.elf"  ./src/echo.o ./src/main.o ./src/platform.o ./src/platform_zynq.o   -lm -Wl,--start-group,-lxil,-lgcc,-lc,--end-group -Wl,--start-group,-lxil,-llwip4,-lgcc,-lc,--end-group
'Finished building target: MAS-projekt.elf'
' '
'Invoking: ARM v7 Print Size'
arm-none-eabi-size MAS-projekt.elf  |tee "MAS-projekt.elf.size"
   text	   data	    bss	    dec	    hex	filename
 104648	   3884	12622128	12730660	 c24124	MAS-projekt.elf
'Finished building: MAS-projekt.elf.size'
' '
17:51:32 **** Incremental Build of configuration Debug for project MAS-projekt ****
make pre-build main-build 
a9-linaro-pre-build-step
' '
make: Ništa za napraviti za `main-build'.
