18:09:09 **** Incremental Build of configuration Debug for project mas_camera ****
make pre-build main-build 
a9-linaro-pre-build-step
' '
'Building file: ../src/main.c'
'Invoking: ARM v7 gcc compiler'
arm-none-eabi-gcc -Wall -O0 -g3 -c -fmessage-length=0 -MT"src/main.o" -mcpu=cortex-a9 -mfpu=vfpv3 -mfloat-abi=hard -I../../mas_camera_bsp/ps7_cortexa9_0/include -MMD -MP -MF"src/main.d" -MT"src/main.o" -o "src/main.o" "../src/main.c"
../src/main.c:336:27: warning: 'ov7670_image' defined but not used [-Wunused-variable]
 static struct regval_list ov7670_image[] = {
                           ^~~~~~~~~~~~
../src/main.c:329:27: warning: 'ov7670_test_bar' defined but not used [-Wunused-variable]
 static struct regval_list ov7670_test_bar[] = {
                           ^~~~~~~~~~~~~~~
../src/main.c:322:27: warning: 'ov7670_test_shift' defined but not used [-Wunused-variable]
 static struct regval_list ov7670_test_shift[] = {
                           ^~~~~~~~~~~~~~~~~
../src/main.c:304:27: warning: 'ov7670_fmt_rgb565' defined but not used [-Wunused-variable]
 static struct regval_list ov7670_fmt_rgb565[] = {
                           ^~~~~~~~~~~~~~~~~
../src/main.c:286:27: warning: 'ov7670_fmt_yuv422' defined but not used [-Wunused-variable]
 static struct regval_list ov7670_fmt_yuv422[] = {
                           ^~~~~~~~~~~~~~~~~
'Finished building: ../src/main.c'
' '
'Building target: mas_camera.elf'
'Invoking: ARM v7 gcc linker'
arm-none-eabi-gcc -mcpu=cortex-a9 -mfpu=vfpv3 -mfloat-abi=hard -Wl,-build-id=none -specs=Xilinx.spec -Wl,-T -Wl,../src/lscript.ld -L../../mas_camera_bsp/ps7_cortexa9_0/lib -o "mas_camera.elf"  ./src/main.o   -Wl,--start-group,-lxil,-lgcc,-lc,--end-group
'Finished building target: mas_camera.elf'
' '
'Invoking: ARM v7 Print Size'
arm-none-eabi-size mas_camera.elf  |tee "mas_camera.elf.size"
   text	   data	    bss	    dec	    hex	filename
  28992	   1580	  22664	  53236	   cff4	mas_camera.elf
'Finished building: mas_camera.elf.size'
' '
18:09:15 **** Incremental Build of configuration Debug for project mas_camera ****
make pre-build main-build 
a9-linaro-pre-build-step
' '
make: Ništa za napraviti za `main-build'.
18:09:41 **** Incremental Build of configuration Debug for project mas_camera ****
make pre-build main-build 
a9-linaro-pre-build-step
' '
make: Ništa za napraviti za `main-build'.
